0:0:0:0:0:0:0:1 - - [28/Mar/2020:15:42:36 -0400] "GET /favicon.ico HTTP/1.1" 404 635
127.0.0.1 - - [28/Mar/2020:15:42:38 -0400] "GET /A2-LoanService/LoanServiceMemberManagerImpl?wsdl HTTP/1.1" 200 5994
127.0.0.1 - - [28/Mar/2020:15:42:38 -0400] "POST /A2-LoanService/LoanServiceMemberManagerImpl HTTP/1.1" 200 271
0:0:0:0:0:0:0:1 - - [28/Mar/2020:15:42:38 -0400] "GET /A2-Client/MemberManagerController?members=displayAll HTTP/1.1" 200 340
127.0.0.1 - - [28/Mar/2020:15:42:42 -0400] "GET /A2-LoanService/LoanServiceMemberManagerImpl?wsdl HTTP/1.1" 200 5994
127.0.0.1 - - [28/Mar/2020:15:42:42 -0400] "POST /A2-LoanService/LoanServiceMemberManagerImpl HTTP/1.1" 200 303
0:0:0:0:0:0:0:1 - - [28/Mar/2020:15:42:42 -0400] "POST /A2-Client/MemberManagerController HTTP/1.1" 200 336
0:0:0:0:0:0:0:1 - - [28/Mar/2020:15:42:45 -0400] "GET /A2-Client/librarySystem.jsp HTTP/1.1" 200 2153
127.0.0.1 - - [28/Mar/2020:15:42:50 -0400] "GET /A2-LoanService/LoanServiceLibraryManagerImpl?wsdl HTTP/1.1" 200 6986
127.0.0.1 - - [28/Mar/2020:15:42:50 -0400] "POST /A2-LoanService/LoanServiceLibraryManagerImpl HTTP/1.1" 200 330
127.0.0.1 - - [28/Mar/2020:15:42:50 -0400] "GET /A2-LoanService/LoanServiceLibraryManagerImpl?wsdl HTTP/1.1" 200 6986
127.0.0.1 - - [28/Mar/2020:15:42:50 -0400] "POST /A2-LoanService/LoanServiceLibraryManagerImpl HTTP/1.1" 200 356
0:0:0:0:0:0:0:1 - - [28/Mar/2020:15:42:50 -0400] "POST /A2-Client/LibrarySystemController HTTP/1.1" 200 692
0:0:0:0:0:0:0:1 - - [28/Mar/2020:15:42:53 -0400] "GET /A2-Client/index.jsp HTTP/1.1" 200 4190
0:0:0:0:0:0:0:1 - - [28/Mar/2020:15:42:57 -0400] "GET /A2-Client/librarySystem.jsp HTTP/1.1" 200 2153
127.0.0.1 - - [28/Mar/2020:15:42:59 -0400] "GET /A2-LoanService/LoanServiceLibraryManagerImpl?wsdl HTTP/1.1" 200 6986
127.0.0.1 - - [28/Mar/2020:15:42:59 -0400] "POST /A2-LoanService/LoanServiceLibraryManagerImpl HTTP/1.1" 200 340
127.0.0.1 - - [28/Mar/2020:15:42:59 -0400] "GET /A2-LoanService/LoanServiceLibraryManagerImpl?wsdl HTTP/1.1" 200 6986
127.0.0.1 - - [28/Mar/2020:15:42:59 -0400] "POST /A2-LoanService/LoanServiceLibraryManagerImpl HTTP/1.1" 200 356
0:0:0:0:0:0:0:1 - - [28/Mar/2020:15:42:59 -0400] "GET /A2-Client/LibrarySystemController?library=displayAll HTTP/1.1" 200 692
0:0:0:0:0:0:0:1 - - [28/Mar/2020:15:42:59 -0400] "GET /favicon.ico HTTP/1.1" 404 635
127.0.0.1 - - [28/Mar/2020:15:43:09 -0400] "GET /A2-LoanService/LoanServiceLibraryManagerImpl?wsdl HTTP/1.1" 200 6986
127.0.0.1 - - [28/Mar/2020:15:43:09 -0400] "POST /A2-LoanService/LoanServiceLibraryManagerImpl HTTP/1.1" 500 527
0:0:0:0:0:0:0:1 - - [28/Mar/2020:15:43:09 -0400] "POST /A2-Client/LibrarySystemController HTTP/1.1" 200 561
0:0:0:0:0:0:0:1 - - [28/Mar/2020:15:43:10 -0400] "GET /A2-Client/index.jsp HTTP/1.1" 200 4190
127.0.0.1 - - [28/Mar/2020:15:43:18 -0400] "GET /A2-LoanService/LoanServiceLibraryManagerImpl?wsdl HTTP/1.1" 200 6986
127.0.0.1 - - [28/Mar/2020:15:43:18 -0400] "POST /A2-LoanService/LoanServiceLibraryManagerImpl HTTP/1.1" 200 338
127.0.0.1 - - [28/Mar/2020:15:43:18 -0400] "GET /A2-LoanService/LoanServiceLibraryManagerImpl?wsdl HTTP/1.1" 200 6986
127.0.0.1 - - [28/Mar/2020:15:43:18 -0400] "POST /A2-LoanService/LoanServiceLibraryManagerImpl HTTP/1.1" 200 358
0:0:0:0:0:0:0:1 - - [28/Mar/2020:15:43:18 -0400] "POST /A2-Client/LibrarySystemController HTTP/1.1" 200 688
0:0:0:0:0:0:0:1 - - [28/Mar/2020:15:43:20 -0400] "GET /A2-Client/index.jsp HTTP/1.1" 200 4190
127.0.0.1 - - [28/Mar/2020:15:43:27 -0400] "GET /A2-LoanService/LoanServiceLoanManagerImpl1?wsdl HTTP/1.1" 200 7610
127.0.0.1 - - [28/Mar/2020:15:43:27 -0400] "POST /A2-LoanService/LoanServiceLoanManagerImpl1 HTTP/1.1" 500 477
0:0:0:0:0:0:0:1 - - [28/Mar/2020:15:43:27 -0400] "POST /A2-Client/LoanManagerController HTTP/1.1" 200 499
127.0.0.1 - - [28/Mar/2020:15:43:31 -0400] "GET /A2-LoanService/LoanServiceLoanManagerImpl1?wsdl HTTP/1.1" 200 7610
127.0.0.1 - - [28/Mar/2020:15:43:31 -0400] "POST /A2-LoanService/LoanServiceLoanManagerImpl1 HTTP/1.1" 200 369
0:0:0:0:0:0:0:1 - - [28/Mar/2020:15:43:31 -0400] "POST /A2-Client/LoanManagerController HTTP/1.1" 200 573
127.0.0.1 - - [28/Mar/2020:15:43:37 -0400] "GET /A2-LoanService/LoanServiceLoanManagerImpl1?wsdl HTTP/1.1" 200 7610
127.0.0.1 - - [28/Mar/2020:15:43:37 -0400] "POST /A2-LoanService/LoanServiceLoanManagerImpl1 HTTP/1.1" 200 374
0:0:0:0:0:0:0:1 - - [28/Mar/2020:15:43:37 -0400] "POST /A2-Client/LoanManagerController HTTP/1.1" 200 575
127.0.0.1 - - [28/Mar/2020:15:43:42 -0400] "GET /A2-LoanService/LoanServiceLoanManagerImpl1?wsdl HTTP/1.1" 200 7610
127.0.0.1 - - [28/Mar/2020:15:43:42 -0400] "POST /A2-LoanService/LoanServiceLoanManagerImpl1 HTTP/1.1" 200 290
0:0:0:0:0:0:0:1 - - [28/Mar/2020:15:43:42 -0400] "GET /A2-Client/LoanManagerController?listLoanID=1&loans=listLoan1 HTTP/1.1" 200 515
127.0.0.1 - - [28/Mar/2020:15:43:44 -0400] "GET /A2-LoanService/LoanServiceLoanManagerImpl1?wsdl HTTP/1.1" 200 7610
127.0.0.1 - - [28/Mar/2020:15:43:45 -0400] "POST /A2-LoanService/LoanServiceLoanManagerImpl1 HTTP/1.1" 200 370
0:0:0:0:0:0:0:1 - - [28/Mar/2020:15:43:45 -0400] "GET /A2-Client/LoanManagerController?listLoanID=2&loans=listLoan1 HTTP/1.1" 200 595
0:0:0:0:0:0:0:1 - - [28/Mar/2020:15:43:45 -0400] "GET /favicon.ico HTTP/1.1" 404 635
127.0.0.1 - - [28/Mar/2020:15:43:48 -0400] "GET /A2-LoanService/LoanServiceLoanManagerImpl1?wsdl HTTP/1.1" 200 7610
127.0.0.1 - - [28/Mar/2020:15:43:48 -0400] "POST /A2-LoanService/LoanServiceLoanManagerImpl1 HTTP/1.1" 200 366
0:0:0:0:0:0:0:1 - - [28/Mar/2020:15:43:48 -0400] "GET /A2-Client/LoanManagerController?listLoanBook=ee&loans=listLoan2 HTTP/1.1" 200 597
0:0:0:0:0:0:0:1 - - [28/Mar/2020:15:43:48 -0400] "GET /favicon.ico HTTP/1.1" 404 635
127.0.0.1 - - [28/Mar/2020:15:43:52 -0400] "GET /A2-LoanService/LoanServiceLoanManagerImpl1?wsdl HTTP/1.1" 200 7610
127.0.0.1 - - [28/Mar/2020:15:43:52 -0400] "POST /A2-LoanService/LoanServiceLoanManagerImpl1 HTTP/1.1" 200 336
0:0:0:0:0:0:0:1 - - [28/Mar/2020:15:43:52 -0400] "POST /A2-Client/LoanManagerController HTTP/1.1" 200 542
127.0.0.1 - - [28/Mar/2020:15:43:54 -0400] "GET /A2-LoanService/LoanServiceLoanManagerImpl1?wsdl HTTP/1.1" 200 7610
127.0.0.1 - - [28/Mar/2020:15:43:54 -0400] "POST /A2-LoanService/LoanServiceLoanManagerImpl1 HTTP/1.1" 200 258
0:0:0:0:0:0:0:1 - - [28/Mar/2020:15:43:54 -0400] "GET /A2-Client/LoanManagerController?deleteLoanID=1&loans=deleteBookLoan HTTP/1.1" 200 457
