0:0:0:0:0:0:0:1 - - [25/Mar/2020:15:44:53 -0400] "GET /A2-LoanService/LoanManagerController?listLoanID=1&loans=listLoan1 HTTP/1.1" 200 705
0:0:0:0:0:0:0:1 - - [25/Mar/2020:15:45:02 -0400] "GET /A2-LoanService/index.jsp HTTP/1.1" 200 3958
127.0.0.1 - - [25/Mar/2020:15:45:05 -0400] "GET /A2-LoanService/LoanServiceLoanManagerImpl1?wsdl HTTP/1.1" 200 9229
127.0.0.1 - - [25/Mar/2020:15:45:05 -0400] "POST /A2-LoanService/LoanServiceLoanManagerImpl1 HTTP/1.1" 200 364
0:0:0:0:0:0:0:1 - - [25/Mar/2020:15:45:05 -0400] "GET /A2-LoanService/LoanManagerController?listLoanBook=ff&loans=listLoan2 HTTP/1.1" 200 590
0:0:0:0:0:0:0:1 - - [25/Mar/2020:15:45:05 -0400] "GET /favicon.ico HTTP/1.1" 404 635
0:0:0:0:0:0:0:1 - - [25/Mar/2020:15:45:06 -0400] "GET /A2-LoanService/index.jsp HTTP/1.1" 200 3958
127.0.0.1 - - [25/Mar/2020:15:45:26 -0400] "HEAD /netbeans-tomcat-status-test HTTP/1.1" 404 -
127.0.0.1 - airi14x [25/Mar/2020:15:45:26 -0400] "GET /manager/text/ HTTP/1.1" 200 41
127.0.0.1 - - [25/Mar/2020:15:45:26 -0400] "HEAD /netbeans-tomcat-status-test HTTP/1.1" 404 -
127.0.0.1 - airi14x [25/Mar/2020:15:45:26 -0400] "GET /manager/text/ HTTP/1.1" 200 41
127.0.0.1 - airi14x [25/Mar/2020:15:45:26 -0400] "GET /manager/text/list HTTP/1.1" 200 939
127.0.0.1 - airi14x [25/Mar/2020:15:45:27 -0400] "GET /manager/text/undeploy?path=/A2-LoanService HTTP/1.1" 200 88
127.0.0.1 - - [25/Mar/2020:15:45:31 -0400] "HEAD /netbeans-tomcat-status-test HTTP/1.1" 404 -
127.0.0.1 - airi14x [25/Mar/2020:15:45:31 -0400] "GET /manager/text/ HTTP/1.1" 200 41
127.0.0.1 - - [25/Mar/2020:15:45:31 -0400] "HEAD /netbeans-tomcat-status-test HTTP/1.1" 404 -
127.0.0.1 - airi14x [25/Mar/2020:15:45:31 -0400] "GET /manager/text/ HTTP/1.1" 200 41
127.0.0.1 - - [25/Mar/2020:15:45:31 -0400] "HEAD /netbeans-tomcat-status-test HTTP/1.1" 404 -
127.0.0.1 - airi14x [25/Mar/2020:15:45:31 -0400] "GET /manager/text/ HTTP/1.1" 200 41
127.0.0.1 - airi14x [25/Mar/2020:15:45:31 -0400] "GET /manager/text/list HTTP/1.1" 200 837
127.0.0.1 - - [25/Mar/2020:15:45:35 -0400] "HEAD /netbeans-tomcat-status-test HTTP/1.1" 404 -
127.0.0.1 - airi14x [25/Mar/2020:15:45:35 -0400] "GET /manager/text/ HTTP/1.1" 200 41
127.0.0.1 - - [25/Mar/2020:15:45:35 -0400] "HEAD /netbeans-tomcat-status-test HTTP/1.1" 404 -
127.0.0.1 - airi14x [25/Mar/2020:15:45:35 -0400] "GET /manager/text/ HTTP/1.1" 200 41
127.0.0.1 - - [25/Mar/2020:15:45:35 -0400] "HEAD /netbeans-tomcat-status-test HTTP/1.1" 404 -
127.0.0.1 - airi14x [25/Mar/2020:15:45:35 -0400] "GET /manager/text/ HTTP/1.1" 200 41
127.0.0.1 - airi14x [25/Mar/2020:15:45:35 -0400] "GET /manager/text/list HTTP/1.1" 200 837
0:0:0:0:0:0:0:1 - - [25/Mar/2020:15:46:01 -0400] "GET /A2-LoanService/index.jsp HTTP/1.1" 404 635
127.0.0.1 - - [25/Mar/2020:15:46:07 -0400] "HEAD /netbeans-tomcat-status-test HTTP/1.1" 404 -
127.0.0.1 - airi14x [25/Mar/2020:15:46:07 -0400] "GET /manager/text/ HTTP/1.1" 200 41
127.0.0.1 - - [25/Mar/2020:15:46:07 -0400] "HEAD /netbeans-tomcat-status-test HTTP/1.1" 404 -
127.0.0.1 - airi14x [25/Mar/2020:15:46:07 -0400] "GET /manager/text/ HTTP/1.1" 200 41
127.0.0.1 - - [25/Mar/2020:15:46:07 -0400] "HEAD /netbeans-tomcat-status-test HTTP/1.1" 404 -
127.0.0.1 - airi14x [25/Mar/2020:15:46:07 -0400] "GET /manager/text/ HTTP/1.1" 200 41
127.0.0.1 - - [25/Mar/2020:15:46:07 -0400] "HEAD /netbeans-tomcat-status-test HTTP/1.1" 404 -
127.0.0.1 - airi14x [25/Mar/2020:15:46:07 -0400] "GET /manager/text/ HTTP/1.1" 200 41
127.0.0.1 - airi14x [25/Mar/2020:15:46:07 -0400] "GET /manager/text/list HTTP/1.1" 200 837
127.0.0.1 - airi14x [25/Mar/2020:15:46:07 -0400] "GET /manager/text/list HTTP/1.1" 200 837
127.0.0.1 - airi14x [25/Mar/2020:15:46:16 -0400] "GET /manager/text/deploy?config=file%3A%2Fvar%2Ffolders%2Fq9%2Fr0kqgvws6mxcw59hj8ll3z2w0000gn%2FT%2Fcontext3375766020322931053.xml&path=/A2-LoanService HTTP/1.1" 200 84
127.0.0.1 - airi14x [25/Mar/2020:15:46:16 -0400] "GET /manager/text/start?path=/A2-LoanService HTTP/1.1" 200 84
0:0:0:0:0:0:0:1 - - [25/Mar/2020:15:46:16 -0400] "GET /A2-LoanService HTTP/1.1" 302 -
0:0:0:0:0:0:0:1 - - [25/Mar/2020:15:46:17 -0400] "GET /A2-LoanService/ HTTP/1.1" 200 3958
127.0.0.1 - - [25/Mar/2020:15:46:22 -0400] "GET /A2-LoanService/LoanServiceMemberManagerImpl?wsdl HTTP/1.1" 200 5875
127.0.0.1 - - [25/Mar/2020:15:46:22 -0400] "POST /A2-LoanService/LoanServiceMemberManagerImpl HTTP/1.1" 200 302
0:0:0:0:0:0:0:1 - - [25/Mar/2020:15:46:23 -0400] "POST /A2-LoanService/MemberManagerController HTTP/1.1" 200 450
0:0:0:0:0:0:0:1 - - [25/Mar/2020:15:46:24 -0400] "GET /A2-LoanService/index.jsp HTTP/1.1" 200 3958
0:0:0:0:0:0:0:1 - - [25/Mar/2020:15:46:30 -0400] "GET /A2-LoanService/librarySystem.jsp HTTP/1.1" 200 2142
0:0:0:0:0:0:0:1 - - [25/Mar/2020:15:46:36 -0400] "POST /A2-LoanService/LibrarySystemController HTTP/1.1" 200 686
0:0:0:0:0:0:0:1 - - [25/Mar/2020:15:46:37 -0400] "GET /A2-LoanService/index.jsp HTTP/1.1" 200 3958
127.0.0.1 - - [25/Mar/2020:15:46:42 -0400] "GET /A2-LoanService/LoanServiceMemberManagerImpl?wsdl HTTP/1.1" 200 5875
127.0.0.1 - - [25/Mar/2020:15:46:42 -0400] "POST /A2-LoanService/LoanServiceMemberManagerImpl HTTP/1.1" 200 358
0:0:0:0:0:0:0:1 - - [25/Mar/2020:15:46:42 -0400] "POST /A2-LoanService/MemberManagerController HTTP/1.1" 200 450
0:0:0:0:0:0:0:1 - - [25/Mar/2020:15:46:43 -0400] "GET /A2-LoanService/index.jsp HTTP/1.1" 200 3958
127.0.0.1 - - [25/Mar/2020:15:46:48 -0400] "GET /A2-LoanService/LoanServiceLoanManagerImpl1?wsdl HTTP/1.1" 200 9229
127.0.0.1 - - [25/Mar/2020:15:46:48 -0400] "POST /A2-LoanService/LoanServiceLoanManagerImpl1 HTTP/1.1" 200 209
0:0:0:0:0:0:0:1 - - [25/Mar/2020:15:46:48 -0400] "POST /A2-LoanService/LoanManagerController HTTP/1.1" 200 569
0:0:0:0:0:0:0:1 - - [25/Mar/2020:15:46:49 -0400] "GET /A2-LoanService/index.jsp HTTP/1.1" 200 3958
127.0.0.1 - - [25/Mar/2020:15:46:54 -0400] "GET /A2-LoanService/LoanServiceLoanManagerImpl1?wsdl HTTP/1.1" 200 9229
127.0.0.1 - - [25/Mar/2020:15:46:54 -0400] "POST /A2-LoanService/LoanServiceLoanManagerImpl1 HTTP/1.1" 500 452
0:0:0:0:0:0:0:1 - - [25/Mar/2020:15:46:54 -0400] "POST /A2-LoanService/LoanManagerController HTTP/1.1" 200 475
127.0.0.1 - - [25/Mar/2020:15:46:59 -0400] "GET /A2-LoanService/LoanServiceLoanManagerImpl1?wsdl HTTP/1.1" 200 9229
127.0.0.1 - - [25/Mar/2020:15:46:59 -0400] "POST /A2-LoanService/LoanServiceLoanManagerImpl1 HTTP/1.1" 500 452
0:0:0:0:0:0:0:1 - - [25/Mar/2020:15:46:59 -0400] "POST /A2-LoanService/LoanManagerController HTTP/1.1" 200 475
0:0:0:0:0:0:0:1 - - [25/Mar/2020:15:47:01 -0400] "GET /A2-LoanService/index.jsp HTTP/1.1" 200 3958
127.0.0.1 - - [25/Mar/2020:15:47:08 -0400] "GET /A2-LoanService/LoanServiceLoanManagerImpl1?wsdl HTTP/1.1" 200 9229
127.0.0.1 - - [25/Mar/2020:15:47:08 -0400] "POST /A2-LoanService/LoanServiceLoanManagerImpl1 HTTP/1.1" 200 369
0:0:0:0:0:0:0:1 - - [25/Mar/2020:15:47:08 -0400] "GET /A2-LoanService/LoanManagerController?listLoanID=1&loans=listLoan1 HTTP/1.1" 200 589
127.0.0.1 - - [25/Mar/2020:15:47:11 -0400] "GET /A2-LoanService/LoanServiceLoanManagerImpl1?wsdl HTTP/1.1" 200 9229
127.0.0.1 - - [25/Mar/2020:15:47:11 -0400] "POST /A2-LoanService/LoanServiceLoanManagerImpl1 HTTP/1.1" 200 289
0:0:0:0:0:0:0:1 - - [25/Mar/2020:15:47:11 -0400] "GET /A2-LoanService/LoanManagerController?listLoanBook=22&loans=listLoan2 HTTP/1.1" 200 515
0:0:0:0:0:0:0:1 - - [25/Mar/2020:15:47:11 -0400] "GET /favicon.ico HTTP/1.1" 404 635
127.0.0.1 - - [25/Mar/2020:15:48:56 -0400] "HEAD /netbeans-tomcat-status-test HTTP/1.1" 404 -
127.0.0.1 - airi14x [25/Mar/2020:15:48:56 -0400] "GET /manager/text/ HTTP/1.1" 200 41
127.0.0.1 - - [25/Mar/2020:15:48:56 -0400] "HEAD /netbeans-tomcat-status-test HTTP/1.1" 404 -
127.0.0.1 - airi14x [25/Mar/2020:15:48:56 -0400] "GET /manager/text/ HTTP/1.1" 200 41
127.0.0.1 - - [25/Mar/2020:15:48:56 -0400] "HEAD /netbeans-tomcat-status-test HTTP/1.1" 404 -
127.0.0.1 - airi14x [25/Mar/2020:15:48:56 -0400] "GET /manager/text/ HTTP/1.1" 200 41
127.0.0.1 - airi14x [25/Mar/2020:15:48:56 -0400] "GET /manager/text/list HTTP/1.1" 200 939
127.0.0.1 - airi14x [25/Mar/2020:15:49:03 -0400] "GET /manager/text/reload?path=/A2-LoanService HTTP/1.1" 200 99
127.0.0.1 - - [25/Mar/2020:15:49:03 -0400] "HEAD /netbeans-tomcat-status-test HTTP/1.1" 404 -
127.0.0.1 - airi14x [25/Mar/2020:15:49:03 -0400] "GET /manager/text/ HTTP/1.1" 200 41
127.0.0.1 - - [25/Mar/2020:15:49:07 -0400] "GET /A2-LoanService/LoanServiceMemberManagerImpl?wsdl HTTP/1.1" 200 5875
127.0.0.1 - - [25/Mar/2020:15:49:07 -0400] "POST /A2-LoanService/LoanServiceMemberManagerImpl HTTP/1.1" 500 489
0:0:0:0:0:0:0:1 - - [25/Mar/2020:15:49:07 -0400] "POST /A2-LoanService/MemberManagerController HTTP/1.1" 200 488
127.0.0.1 - - [25/Mar/2020:15:49:11 -0400] "GET /A2-LoanService/LoanServiceMemberManagerImpl?wsdl HTTP/1.1" 200 5875
127.0.0.1 - - [25/Mar/2020:15:49:11 -0400] "POST /A2-LoanService/LoanServiceMemberManagerImpl HTTP/1.1" 500 489
0:0:0:0:0:0:0:1 - - [25/Mar/2020:15:49:12 -0400] "GET /A2-LoanService/MemberManagerController?deleteMemberID=2&members=deleteMember HTTP/1.1" 200 328
0:0:0:0:0:0:0:1 - - [25/Mar/2020:15:49:12 -0400] "GET /favicon.ico HTTP/1.1" 404 635
0:0:0:0:0:0:0:1 - - [25/Mar/2020:15:49:19 -0400] "GET /A2-LoanService/index.jsp HTTP/1.1" 200 3958
127.0.0.1 - - [25/Mar/2020:15:52:25 -0400] "HEAD /netbeans-tomcat-status-test HTTP/1.1" 404 -
127.0.0.1 - airi14x [25/Mar/2020:15:52:25 -0400] "GET /manager/text/ HTTP/1.1" 200 41
127.0.0.1 - - [25/Mar/2020:15:52:25 -0400] "HEAD /netbeans-tomcat-status-test HTTP/1.1" 404 -
127.0.0.1 - airi14x [25/Mar/2020:15:52:25 -0400] "GET /manager/text/ HTTP/1.1" 200 41
127.0.0.1 - - [25/Mar/2020:15:52:25 -0400] "HEAD /netbeans-tomcat-status-test HTTP/1.1" 404 -
127.0.0.1 - airi14x [25/Mar/2020:15:52:25 -0400] "GET /manager/text/ HTTP/1.1" 200 41
127.0.0.1 - airi14x [25/Mar/2020:15:52:25 -0400] "GET /manager/text/list HTTP/1.1" 200 939
127.0.0.1 - airi14x [25/Mar/2020:15:52:36 -0400] "GET /manager/text/reload?path=/A2-LoanService HTTP/1.1" 200 99
127.0.0.1 - - [25/Mar/2020:15:52:36 -0400] "HEAD /netbeans-tomcat-status-test HTTP/1.1" 404 -
127.0.0.1 - airi14x [25/Mar/2020:15:52:36 -0400] "GET /manager/text/ HTTP/1.1" 200 41
127.0.0.1 - - [25/Mar/2020:15:52:36 -0400] "HEAD /netbeans-tomcat-status-test HTTP/1.1" 404 -
127.0.0.1 - airi14x [25/Mar/2020:15:52:36 -0400] "GET /manager/text/ HTTP/1.1" 200 41
127.0.0.1 - - [25/Mar/2020:15:52:36 -0400] "HEAD /netbeans-tomcat-status-test HTTP/1.1" 404 -
127.0.0.1 - airi14x [25/Mar/2020:15:52:36 -0400] "GET /manager/text/ HTTP/1.1" 200 41
127.0.0.1 - airi14x [25/Mar/2020:15:52:36 -0400] "GET /manager/text/list HTTP/1.1" 200 939
127.0.0.1 - airi14x [25/Mar/2020:15:52:42 -0400] "GET /manager/text/reload?path=/A2-LoanService HTTP/1.1" 200 99
127.0.0.1 - - [25/Mar/2020:15:52:42 -0400] "HEAD /netbeans-tomcat-status-test HTTP/1.1" 404 -
127.0.0.1 - airi14x [25/Mar/2020:15:52:42 -0400] "GET /manager/text/ HTTP/1.1" 200 41
127.0.0.1 - - [25/Mar/2020:15:52:43 -0400] "GET /A2-LoanService/LoanServiceMemberManagerImpl?wsdl HTTP/1.1" 200 5875
127.0.0.1 - - [25/Mar/2020:15:52:43 -0400] "POST /A2-LoanService/LoanServiceMemberManagerImpl HTTP/1.1" 200 271
0:0:0:0:0:0:0:1 - - [25/Mar/2020:15:52:43 -0400] "GET /A2-LoanService/MemberManagerController?members=displayAll HTTP/1.1" 200 294
127.0.0.1 - - [25/Mar/2020:15:52:48 -0400] "GET /A2-LoanService/LoanServiceLoanManagerImpl1?wsdl HTTP/1.1" 200 9229
127.0.0.1 - - [25/Mar/2020:15:52:48 -0400] "POST /A2-LoanService/LoanServiceLoanManagerImpl1 HTTP/1.1" 200 290
0:0:0:0:0:0:0:1 - - [25/Mar/2020:15:52:48 -0400] "GET /A2-LoanService/LoanManagerController?listLoanID=2&loans=listLoan1 HTTP/1.1" 200 510
127.0.0.1 - - [25/Mar/2020:15:52:52 -0400] "GET /A2-LoanService/LoanServiceLoanManagerImpl1?wsdl HTTP/1.1" 200 9229
127.0.0.1 - - [25/Mar/2020:15:52:52 -0400] "POST /A2-LoanService/LoanServiceLoanManagerImpl1 HTTP/1.1" 200 290
0:0:0:0:0:0:0:1 - - [25/Mar/2020:15:52:52 -0400] "GET /A2-LoanService/LoanManagerController?listLoanID=1&loans=listLoan1 HTTP/1.1" 200 510
127.0.0.1 - - [25/Mar/2020:15:52:57 -0400] "GET /A2-LoanService/LoanServiceMemberManagerImpl?wsdl HTTP/1.1" 200 5875
127.0.0.1 - - [25/Mar/2020:15:52:57 -0400] "POST /A2-LoanService/LoanServiceMemberManagerImpl HTTP/1.1" 200 301
0:0:0:0:0:0:0:1 - - [25/Mar/2020:15:52:57 -0400] "POST /A2-LoanService/MemberManagerController HTTP/1.1" 200 450
0:0:0:0:0:0:0:1 - - [25/Mar/2020:15:53:06 -0400] "GET /A2-LoanService/index.jsp HTTP/1.1" 200 3958
0:0:0:0:0:0:0:1 - - [25/Mar/2020:15:53:09 -0400] "GET /A2-LoanService/librarySystem.jsp HTTP/1.1" 200 2142
0:0:0:0:0:0:0:1 - - [25/Mar/2020:15:53:13 -0400] "POST /A2-LoanService/LibrarySystemController HTTP/1.1" 200 684
0:0:0:0:0:0:0:1 - - [25/Mar/2020:15:53:14 -0400] "GET /A2-LoanService/index.jsp HTTP/1.1" 200 3958
127.0.0.1 - - [25/Mar/2020:15:53:21 -0400] "GET /A2-LoanService/LoanServiceLoanManagerImpl1?wsdl HTTP/1.1" 200 9229
127.0.0.1 - - [25/Mar/2020:15:53:21 -0400] "POST /A2-LoanService/LoanServiceLoanManagerImpl1 HTTP/1.1" 500 469
0:0:0:0:0:0:0:1 - - [25/Mar/2020:15:53:21 -0400] "POST /A2-LoanService/LoanManagerController HTTP/1.1" 200 489
127.0.0.1 - - [25/Mar/2020:15:53:28 -0400] "GET /A2-LoanService/LoanServiceLoanManagerImpl1?wsdl HTTP/1.1" 200 9229
127.0.0.1 - - [25/Mar/2020:15:53:28 -0400] "POST /A2-LoanService/LoanServiceLoanManagerImpl1 HTTP/1.1" 200 209
0:0:0:0:0:0:0:1 - - [25/Mar/2020:15:53:28 -0400] "POST /A2-LoanService/LoanManagerController HTTP/1.1" 200 566
127.0.0.1 - - [25/Mar/2020:15:53:30 -0400] "GET /A2-LoanService/LoanServiceLoanManagerImpl1?wsdl HTTP/1.1" 200 9229
127.0.0.1 - - [25/Mar/2020:15:53:30 -0400] "POST /A2-LoanService/LoanServiceLoanManagerImpl1 HTTP/1.1" 200 211
0:0:0:0:0:0:0:1 - - [25/Mar/2020:15:53:30 -0400] "POST /A2-LoanService/LoanManagerController HTTP/1.1" 200 568
127.0.0.1 - - [25/Mar/2020:15:53:46 -0400] "GET /A2-LoanService/LoanServiceLoanManagerImpl1?wsdl HTTP/1.1" 200 9229
127.0.0.1 - - [25/Mar/2020:15:53:46 -0400] "POST /A2-LoanService/LoanServiceLoanManagerImpl1 HTTP/1.1" 500 445
0:0:0:0:0:0:0:1 - - [25/Mar/2020:15:53:46 -0400] "POST /A2-LoanService/LoanManagerController HTTP/1.1" 200 473
0:0:0:0:0:0:0:1 - - [25/Mar/2020:15:53:50 -0400] "POST /A2-LoanService/LoanManagerController HTTP/1.1" 200 452
127.0.0.1 - - [25/Mar/2020:15:53:54 -0400] "GET /A2-LoanService/LoanServiceLoanManagerImpl1?wsdl HTTP/1.1" 200 9229
127.0.0.1 - - [25/Mar/2020:15:53:54 -0400] "POST /A2-LoanService/LoanServiceLoanManagerImpl1 HTTP/1.1" 500 469
0:0:0:0:0:0:0:1 - - [25/Mar/2020:15:53:54 -0400] "POST /A2-LoanService/LoanManagerController HTTP/1.1" 200 489
127.0.0.1 - - [25/Mar/2020:15:58:39 -0400] "HEAD /netbeans-tomcat-status-test HTTP/1.1" 404 -
127.0.0.1 - airi14x [25/Mar/2020:15:58:39 -0400] "GET /manager/text/ HTTP/1.1" 200 41
127.0.0.1 - - [25/Mar/2020:15:58:39 -0400] "HEAD /netbeans-tomcat-status-test HTTP/1.1" 404 -
127.0.0.1 - airi14x [25/Mar/2020:15:58:39 -0400] "GET /manager/text/ HTTP/1.1" 200 41
127.0.0.1 - - [25/Mar/2020:15:58:39 -0400] "HEAD /netbeans-tomcat-status-test HTTP/1.1" 404 -
127.0.0.1 - airi14x [25/Mar/2020:15:58:39 -0400] "GET /manager/text/ HTTP/1.1" 200 41
127.0.0.1 - airi14x [25/Mar/2020:15:58:39 -0400] "GET /manager/text/list HTTP/1.1" 200 939
127.0.0.1 - airi14x [25/Mar/2020:15:58:50 -0400] "GET /manager/text/reload?path=/A2-LoanService HTTP/1.1" 200 99
127.0.0.1 - - [25/Mar/2020:15:58:50 -0400] "HEAD /netbeans-tomcat-status-test HTTP/1.1" 404 -
127.0.0.1 - airi14x [25/Mar/2020:15:58:50 -0400] "GET /manager/text/ HTTP/1.1" 200 41
127.0.0.1 - - [25/Mar/2020:15:58:52 -0400] "HEAD /netbeans-tomcat-status-test HTTP/1.1" 404 -
127.0.0.1 - airi14x [25/Mar/2020:15:58:52 -0400] "GET /manager/text/ HTTP/1.1" 200 41
127.0.0.1 - - [25/Mar/2020:15:58:52 -0400] "HEAD /netbeans-tomcat-status-test HTTP/1.1" 404 -
127.0.0.1 - airi14x [25/Mar/2020:15:58:52 -0400] "GET /manager/text/ HTTP/1.1" 200 41
127.0.0.1 - airi14x [25/Mar/2020:15:58:52 -0400] "GET /manager/text/list HTTP/1.1" 200 939
127.0.0.1 - airi14x [25/Mar/2020:15:59:03 -0400] "GET /manager/text/reload?path=/A2-LoanService HTTP/1.1" 200 99
127.0.0.1 - - [25/Mar/2020:15:59:03 -0400] "HEAD /netbeans-tomcat-status-test HTTP/1.1" 404 -
127.0.0.1 - airi14x [25/Mar/2020:15:59:03 -0400] "GET /manager/text/ HTTP/1.1" 200 41
127.0.0.1 - - [25/Mar/2020:15:59:21 -0400] "HEAD /netbeans-tomcat-status-test HTTP/1.1" 404 -
127.0.0.1 - airi14x [25/Mar/2020:15:59:21 -0400] "GET /manager/text/ HTTP/1.1" 200 41
127.0.0.1 - - [25/Mar/2020:15:59:21 -0400] "HEAD /netbeans-tomcat-status-test HTTP/1.1" 404 -
127.0.0.1 - airi14x [25/Mar/2020:15:59:21 -0400] "GET /manager/text/ HTTP/1.1" 200 41
127.0.0.1 - - [25/Mar/2020:15:59:21 -0400] "HEAD /netbeans-tomcat-status-test HTTP/1.1" 404 -
127.0.0.1 - airi14x [25/Mar/2020:15:59:21 -0400] "GET /manager/text/ HTTP/1.1" 200 41
127.0.0.1 - airi14x [25/Mar/2020:15:59:21 -0400] "GET /manager/text/list HTTP/1.1" 200 939
127.0.0.1 - airi14x [25/Mar/2020:15:59:31 -0400] "GET /manager/text/reload?path=/A2-LoanService HTTP/1.1" 200 99
127.0.0.1 - - [25/Mar/2020:15:59:31 -0400] "HEAD /netbeans-tomcat-status-test HTTP/1.1" 404 -
127.0.0.1 - airi14x [25/Mar/2020:15:59:31 -0400] "GET /manager/text/ HTTP/1.1" 200 41
127.0.0.1 - - [25/Mar/2020:15:59:31 -0400] "HEAD /netbeans-tomcat-status-test HTTP/1.1" 404 -
127.0.0.1 - airi14x [25/Mar/2020:15:59:31 -0400] "GET /manager/text/ HTTP/1.1" 200 41
127.0.0.1 - - [25/Mar/2020:15:59:31 -0400] "HEAD /netbeans-tomcat-status-test HTTP/1.1" 404 -
127.0.0.1 - airi14x [25/Mar/2020:15:59:31 -0400] "GET /manager/text/ HTTP/1.1" 200 41
127.0.0.1 - airi14x [25/Mar/2020:15:59:31 -0400] "GET /manager/text/list HTTP/1.1" 200 939
127.0.0.1 - airi14x [25/Mar/2020:15:59:41 -0400] "GET /manager/text/reload?path=/A2-LoanService HTTP/1.1" 200 99
127.0.0.1 - - [25/Mar/2020:15:59:42 -0400] "HEAD /netbeans-tomcat-status-test HTTP/1.1" 404 -
127.0.0.1 - airi14x [25/Mar/2020:15:59:42 -0400] "GET /manager/text/ HTTP/1.1" 200 41
127.0.0.1 - - [25/Mar/2020:15:59:52 -0400] "HEAD /netbeans-tomcat-status-test HTTP/1.1" 404 -
127.0.0.1 - airi14x [25/Mar/2020:15:59:52 -0400] "GET /manager/text/ HTTP/1.1" 200 41
127.0.0.1 - - [25/Mar/2020:15:59:52 -0400] "HEAD /netbeans-tomcat-status-test HTTP/1.1" 404 -
127.0.0.1 - airi14x [25/Mar/2020:15:59:52 -0400] "GET /manager/text/ HTTP/1.1" 200 41
127.0.0.1 - airi14x [25/Mar/2020:15:59:52 -0400] "GET /manager/text/list HTTP/1.1" 200 939
127.0.0.1 - airi14x [25/Mar/2020:15:59:52 -0400] "GET /manager/text/undeploy?path=/A2-LoanService HTTP/1.1" 200 88
127.0.0.1 - - [25/Mar/2020:15:59:57 -0400] "HEAD /netbeans-tomcat-status-test HTTP/1.1" 404 -
127.0.0.1 - airi14x [25/Mar/2020:15:59:57 -0400] "GET /manager/text/ HTTP/1.1" 200 41
127.0.0.1 - - [25/Mar/2020:15:59:57 -0400] "HEAD /netbeans-tomcat-status-test HTTP/1.1" 404 -
127.0.0.1 - airi14x [25/Mar/2020:15:59:57 -0400] "GET /manager/text/ HTTP/1.1" 200 41
127.0.0.1 - - [25/Mar/2020:15:59:57 -0400] "HEAD /netbeans-tomcat-status-test HTTP/1.1" 404 -
127.0.0.1 - airi14x [25/Mar/2020:15:59:57 -0400] "GET /manager/text/ HTTP/1.1" 200 41
127.0.0.1 - airi14x [25/Mar/2020:15:59:57 -0400] "GET /manager/text/list HTTP/1.1" 200 837
127.0.0.1 - - [25/Mar/2020:15:59:58 -0400] "HEAD /netbeans-tomcat-status-test HTTP/1.1" 404 -
127.0.0.1 - airi14x [25/Mar/2020:15:59:58 -0400] "GET /manager/text/ HTTP/1.1" 200 41
127.0.0.1 - - [25/Mar/2020:15:59:58 -0400] "HEAD /netbeans-tomcat-status-test HTTP/1.1" 404 -
127.0.0.1 - airi14x [25/Mar/2020:15:59:58 -0400] "GET /manager/text/ HTTP/1.1" 200 41
127.0.0.1 - airi14x [25/Mar/2020:15:59:58 -0400] "GET /manager/text/list HTTP/1.1" 200 837
127.0.0.1 - - [25/Mar/2020:16:00:18 -0400] "HEAD /netbeans-tomcat-status-test HTTP/1.1" 404 -
127.0.0.1 - airi14x [25/Mar/2020:16:00:18 -0400] "GET /manager/text/ HTTP/1.1" 200 41
127.0.0.1 - - [25/Mar/2020:16:00:18 -0400] "HEAD /netbeans-tomcat-status-test HTTP/1.1" 404 -
127.0.0.1 - airi14x [25/Mar/2020:16:00:18 -0400] "GET /manager/text/ HTTP/1.1" 200 41
127.0.0.1 - - [25/Mar/2020:16:00:18 -0400] "HEAD /netbeans-tomcat-status-test HTTP/1.1" 404 -
127.0.0.1 - airi14x [25/Mar/2020:16:00:18 -0400] "GET /manager/text/ HTTP/1.1" 200 41
127.0.0.1 - - [25/Mar/2020:16:00:18 -0400] "HEAD /netbeans-tomcat-status-test HTTP/1.1" 404 -
127.0.0.1 - airi14x [25/Mar/2020:16:00:18 -0400] "GET /manager/text/ HTTP/1.1" 200 41
127.0.0.1 - airi14x [25/Mar/2020:16:00:19 -0400] "GET /manager/text/list HTTP/1.1" 200 837
127.0.0.1 - airi14x [25/Mar/2020:16:00:19 -0400] "GET /manager/text/list HTTP/1.1" 200 837
127.0.0.1 - airi14x [25/Mar/2020:16:00:25 -0400] "GET /manager/text/deploy?config=file%3A%2Fvar%2Ffolders%2Fq9%2Fr0kqgvws6mxcw59hj8ll3z2w0000gn%2FT%2Fcontext8047548943382683595.xml&path=/A2-LoanService HTTP/1.1" 200 84
127.0.0.1 - airi14x [25/Mar/2020:16:00:25 -0400] "GET /manager/text/start?path=/A2-LoanService HTTP/1.1" 200 84
0:0:0:0:0:0:0:1 - - [25/Mar/2020:16:00:26 -0400] "GET /A2-LoanService HTTP/1.1" 302 -
0:0:0:0:0:0:0:1 - - [25/Mar/2020:16:00:26 -0400] "GET /A2-LoanService/ HTTP/1.1" 200 3958
127.0.0.1 - - [25/Mar/2020:16:00:30 -0400] "GET /A2-LoanService/LoanServiceMemberManagerImpl?wsdl HTTP/1.1" 200 5875
127.0.0.1 - - [25/Mar/2020:16:00:30 -0400] "POST /A2-LoanService/LoanServiceMemberManagerImpl HTTP/1.1" 200 302
0:0:0:0:0:0:0:1 - - [25/Mar/2020:16:00:30 -0400] "POST /A2-LoanService/MemberManagerController HTTP/1.1" 200 450
0:0:0:0:0:0:0:1 - - [25/Mar/2020:16:00:31 -0400] "GET /A2-LoanService/index.jsp HTTP/1.1" 200 3958
0:0:0:0:0:0:0:1 - - [25/Mar/2020:16:00:34 -0400] "GET /A2-LoanService/librarySystem.jsp HTTP/1.1" 200 2142
0:0:0:0:0:0:0:1 - - [25/Mar/2020:16:00:39 -0400] "POST /A2-LoanService/LibrarySystemController HTTP/1.1" 200 684
0:0:0:0:0:0:0:1 - - [25/Mar/2020:16:00:40 -0400] "GET /A2-LoanService/index.jsp HTTP/1.1" 200 3958
127.0.0.1 - - [25/Mar/2020:16:00:47 -0400] "GET /A2-LoanService/LoanServiceLoanManagerImpl1?wsdl HTTP/1.1" 200 9229
127.0.0.1 - - [25/Mar/2020:16:00:47 -0400] "POST /A2-LoanService/LoanServiceLoanManagerImpl1 HTTP/1.1" 200 209
0:0:0:0:0:0:0:1 - - [25/Mar/2020:16:00:47 -0400] "POST /A2-LoanService/LoanManagerController HTTP/1.1" 200 567
0:0:0:0:0:0:0:1 - - [25/Mar/2020:16:00:49 -0400] "GET /A2-LoanService/index.jsp HTTP/1.1" 200 3958
127.0.0.1 - - [25/Mar/2020:16:00:55 -0400] "GET /A2-LoanService/LoanServiceLoanManagerImpl1?wsdl HTTP/1.1" 200 9229
127.0.0.1 - - [25/Mar/2020:16:00:55 -0400] "POST /A2-LoanService/LoanServiceLoanManagerImpl1 HTTP/1.1" 200 367
0:0:0:0:0:0:0:1 - - [25/Mar/2020:16:00:55 -0400] "GET /A2-LoanService/LoanManagerController?listLoanID=1&loans=listLoan1 HTTP/1.1" 200 587
127.0.0.1 - - [25/Mar/2020:16:00:59 -0400] "GET /A2-LoanService/LoanServiceLoanManagerImpl1?wsdl HTTP/1.1" 200 9229
127.0.0.1 - - [25/Mar/2020:16:00:59 -0400] "POST /A2-LoanService/LoanServiceLoanManagerImpl1 HTTP/1.1" 200 363
0:0:0:0:0:0:0:1 - - [25/Mar/2020:16:00:59 -0400] "GET /A2-LoanService/LoanManagerController?listLoanBook=c&loans=listLoan2 HTTP/1.1" 200 588
0:0:0:0:0:0:0:1 - - [25/Mar/2020:16:00:59 -0400] "GET /favicon.ico HTTP/1.1" 404 635
127.0.0.1 - - [25/Mar/2020:16:01:05 -0400] "GET /A2-LoanService/LoanServiceLoanManagerImpl1?wsdl HTTP/1.1" 200 9229
127.0.0.1 - - [25/Mar/2020:16:01:05 -0400] "POST /A2-LoanService/LoanServiceLoanManagerImpl1 HTTP/1.1" 200 213
0:0:0:0:0:0:0:1 - - [25/Mar/2020:16:01:05 -0400] "POST /A2-LoanService/LoanManagerController HTTP/1.1" 200 537
0:0:0:0:0:0:0:1 - - [25/Mar/2020:16:01:06 -0400] "GET /A2-LoanService/index.jsp HTTP/1.1" 200 3958
127.0.0.1 - - [25/Mar/2020:16:01:10 -0400] "GET /A2-LoanService/LoanServiceMemberManagerImpl?wsdl HTTP/1.1" 200 5875
127.0.0.1 - - [25/Mar/2020:16:01:10 -0400] "POST /A2-LoanService/LoanServiceMemberManagerImpl HTTP/1.1" 200 356
0:0:0:0:0:0:0:1 - - [25/Mar/2020:16:01:10 -0400] "POST /A2-LoanService/MemberManagerController HTTP/1.1" 200 450
127.0.0.1 - - [25/Mar/2020:16:01:17 -0400] "GET /A2-LoanService/LoanServiceLoanManagerImpl1?wsdl HTTP/1.1" 200 9229
127.0.0.1 - - [25/Mar/2020:16:01:17 -0400] "POST /A2-LoanService/LoanServiceLoanManagerImpl1 HTTP/1.1" 200 209
0:0:0:0:0:0:0:1 - - [25/Mar/2020:16:01:17 -0400] "POST /A2-LoanService/LoanManagerController HTTP/1.1" 200 567
127.0.0.1 - - [25/Mar/2020:16:01:24 -0400] "GET /A2-LoanService/LoanServiceLoanManagerImpl1?wsdl HTTP/1.1" 200 9229
127.0.0.1 - - [25/Mar/2020:16:01:25 -0400] "POST /A2-LoanService/LoanServiceLoanManagerImpl1 HTTP/1.1" 200 211
0:0:0:0:0:0:0:1 - - [25/Mar/2020:16:01:25 -0400] "POST /A2-LoanService/LoanManagerController HTTP/1.1" 200 570
127.0.0.1 - - [25/Mar/2020:16:01:42 -0400] "GET /A2-LoanService/LoanServiceLoanManagerImpl1?wsdl HTTP/1.1" 200 9229
127.0.0.1 - - [25/Mar/2020:16:01:42 -0400] "POST /A2-LoanService/LoanServiceLoanManagerImpl1 HTTP/1.1" 500 452
0:0:0:0:0:0:0:1 - - [25/Mar/2020:16:01:42 -0400] "POST /A2-LoanService/LoanManagerController HTTP/1.1" 200 475
127.0.0.1 - - [25/Mar/2020:16:01:46 -0400] "GET /A2-LoanService/LoanServiceLoanManagerImpl1?wsdl HTTP/1.1" 200 9229
127.0.0.1 - - [25/Mar/2020:16:01:46 -0400] "POST /A2-LoanService/LoanServiceLoanManagerImpl1 HTTP/1.1" 200 369
0:0:0:0:0:0:0:1 - - [25/Mar/2020:16:01:46 -0400] "GET /A2-LoanService/LoanManagerController?listLoanID=2&loans=listLoan1 HTTP/1.1" 200 589
127.0.0.1 - - [25/Mar/2020:16:01:49 -0400] "GET /A2-LoanService/LoanServiceLoanManagerImpl1?wsdl HTTP/1.1" 200 9229
127.0.0.1 - - [25/Mar/2020:16:01:49 -0400] "POST /A2-LoanService/LoanServiceLoanManagerImpl1 HTTP/1.1" 200 213
0:0:0:0:0:0:0:1 - - [25/Mar/2020:16:01:49 -0400] "GET /A2-LoanService/LoanManagerController?deleteLoanID=1&loans=deleteBookLoan HTTP/1.1" 200 454
0:0:0:0:0:0:0:1 - - [25/Mar/2020:16:01:50 -0400] "GET /A2-LoanService/index.jsp HTTP/1.1" 200 3958
0:0:0:0:0:0:0:1 - - [25/Mar/2020:16:01:52 -0400] "POST /A2-LoanService/LoanManagerController HTTP/1.1" 200 452
127.0.0.1 - - [25/Mar/2020:16:01:59 -0400] "GET /A2-LoanService/LoanServiceLoanManagerImpl1?wsdl HTTP/1.1" 200 9229
127.0.0.1 - - [25/Mar/2020:16:01:59 -0400] "POST /A2-LoanService/LoanServiceLoanManagerImpl1 HTTP/1.1" 500 469
0:0:0:0:0:0:0:1 - - [25/Mar/2020:16:01:59 -0400] "POST /A2-LoanService/LoanManagerController HTTP/1.1" 200 468
