127.0.0.1 - - [30/Mar/2020:10:10:33 -0400] "HEAD /netbeans-tomcat-status-test HTTP/1.1" 404 -
127.0.0.1 - - [30/Mar/2020:10:10:33 -0400] "HEAD /netbeans-tomcat-status-test HTTP/1.1" 404 -
127.0.0.1 - - [30/Mar/2020:10:10:33 -0400] "HEAD /netbeans-tomcat-status-test HTTP/1.1" 404 -
127.0.0.1 - - [30/Mar/2020:10:10:33 -0400] "HEAD /netbeans-tomcat-status-test HTTP/1.1" 404 -
127.0.0.1 - - [30/Mar/2020:10:10:33 -0400] "HEAD /netbeans-tomcat-status-test HTTP/1.1" 404 -
127.0.0.1 - - [30/Mar/2020:10:10:33 -0400] "HEAD /netbeans-tomcat-status-test HTTP/1.1" 404 -
127.0.0.1 - - [30/Mar/2020:10:10:33 -0400] "HEAD /netbeans-tomcat-status-test HTTP/1.1" 404 -
127.0.0.1 - - [30/Mar/2020:10:10:33 -0400] "HEAD /netbeans-tomcat-status-test HTTP/1.1" 404 -
127.0.0.1 - - [30/Mar/2020:10:10:33 -0400] "HEAD /netbeans-tomcat-status-test HTTP/1.1" 404 -
127.0.0.1 - - [30/Mar/2020:10:10:33 -0400] "HEAD /netbeans-tomcat-status-test HTTP/1.1" 404 -
127.0.0.1 - - [30/Mar/2020:10:10:33 -0400] "HEAD /netbeans-tomcat-status-test HTTP/1.1" 404 -
127.0.0.1 - - [30/Mar/2020:10:10:33 -0400] "HEAD /netbeans-tomcat-status-test HTTP/1.1" 404 -
127.0.0.1 - - [30/Mar/2020:10:10:33 -0400] "HEAD /netbeans-tomcat-status-test HTTP/1.1" 404 -
127.0.0.1 - - [30/Mar/2020:10:10:33 -0400] "GET /manager/text/ HTTP/1.1" 401 2499
127.0.0.1 - airi14x [30/Mar/2020:10:10:36 -0400] "GET /manager/text/ HTTP/1.1" 200 41
127.0.0.1 - - [30/Mar/2020:10:10:36 -0400] "HEAD /netbeans-tomcat-status-test HTTP/1.1" 404 -
127.0.0.1 - airi14x [30/Mar/2020:10:10:36 -0400] "GET /manager/text/ HTTP/1.1" 200 41
127.0.0.1 - - [30/Mar/2020:10:10:36 -0400] "HEAD /netbeans-tomcat-status-test HTTP/1.1" 404 -
127.0.0.1 - airi14x [30/Mar/2020:10:10:36 -0400] "GET /manager/text/ HTTP/1.1" 200 41
127.0.0.1 - - [30/Mar/2020:10:10:36 -0400] "HEAD /netbeans-tomcat-status-test HTTP/1.1" 404 -
127.0.0.1 - airi14x [30/Mar/2020:10:10:36 -0400] "GET /manager/text/ HTTP/1.1" 200 41
127.0.0.1 - airi14x [30/Mar/2020:10:10:36 -0400] "GET /manager/text/list HTTP/1.1" 200 1359
127.0.0.1 - airi14x [30/Mar/2020:10:10:37 -0400] "GET /manager/text/list HTTP/1.1" 200 1359
127.0.0.1 - airi14x [30/Mar/2020:10:10:37 -0400] "GET /manager/text/undeploy?path=/A2-LoanService HTTP/1.1" 200 88
127.0.0.1 - airi14x [30/Mar/2020:10:10:46 -0400] "GET /manager/text/deploy?config=file%3A%2Fvar%2Ffolders%2Fq9%2Fr0kqgvws6mxcw59hj8ll3z2w0000gn%2FT%2Fcontext7300167389168937243.xml&path=/A2-LoanService HTTP/1.1" 200 84
0:0:0:0:0:0:0:1 - - [30/Mar/2020:10:10:47 -0400] "GET /A2-LoanService HTTP/1.1" 302 -
0:0:0:0:0:0:0:1 - - [30/Mar/2020:10:10:48 -0400] "GET /A2-LoanService/ HTTP/1.1" 200 643
0:0:0:0:0:0:0:1 - - [30/Mar/2020:10:11:01 -0400] "GET /A2-LoanService/LoanServiceMemberManagerImpl?wsdl HTTP/1.1" 200 5994
0:0:0:0:0:0:0:1 - - [30/Mar/2020:10:11:03 -0400] "GET /A2-LoanService/LoanServiceLoanManagerImpl1?wsdl HTTP/1.1" 200 7610
0:0:0:0:0:0:0:1 - - [30/Mar/2020:10:11:04 -0400] "GET /A2-LoanService/LoanServiceLibraryManagerImpl?wsdl HTTP/1.1" 200 6986
127.0.0.1 - - [30/Mar/2020:10:11:11 -0400] "HEAD /netbeans-tomcat-status-test HTTP/1.1" 404 -
127.0.0.1 - airi14x [30/Mar/2020:10:11:11 -0400] "GET /manager/text/ HTTP/1.1" 200 41
127.0.0.1 - - [30/Mar/2020:10:11:11 -0400] "HEAD /netbeans-tomcat-status-test HTTP/1.1" 404 -
127.0.0.1 - airi14x [30/Mar/2020:10:11:11 -0400] "GET /manager/text/ HTTP/1.1" 200 41
127.0.0.1 - airi14x [30/Mar/2020:10:11:11 -0400] "GET /manager/text/list HTTP/1.1" 200 1359
127.0.0.1 - airi14x [30/Mar/2020:10:11:12 -0400] "GET /manager/text/undeploy?path=/A2-Client HTTP/1.1" 200 83
127.0.0.1 - - [30/Mar/2020:10:11:19 -0400] "HEAD /netbeans-tomcat-status-test HTTP/1.1" 404 -
127.0.0.1 - airi14x [30/Mar/2020:10:11:19 -0400] "GET /manager/text/ HTTP/1.1" 200 41
127.0.0.1 - - [30/Mar/2020:10:11:19 -0400] "HEAD /netbeans-tomcat-status-test HTTP/1.1" 404 -
127.0.0.1 - airi14x [30/Mar/2020:10:11:19 -0400] "GET /manager/text/ HTTP/1.1" 200 41
127.0.0.1 - - [30/Mar/2020:10:11:19 -0400] "HEAD /netbeans-tomcat-status-test HTTP/1.1" 404 -
127.0.0.1 - airi14x [30/Mar/2020:10:11:19 -0400] "GET /manager/text/ HTTP/1.1" 200 41
127.0.0.1 - airi14x [30/Mar/2020:10:11:19 -0400] "GET /manager/text/list HTTP/1.1" 200 1267
127.0.0.1 - airi14x [30/Mar/2020:10:11:35 -0400] "GET /manager/text/reload?path=/A2-LibraryService HTTP/1.1" 200 102
127.0.0.1 - - [30/Mar/2020:10:11:35 -0400] "HEAD /netbeans-tomcat-status-test HTTP/1.1" 404 -
127.0.0.1 - airi14x [30/Mar/2020:10:11:35 -0400] "GET /manager/text/ HTTP/1.1" 200 41
127.0.0.1 - - [30/Mar/2020:10:11:35 -0400] "HEAD /netbeans-tomcat-status-test HTTP/1.1" 404 -
127.0.0.1 - airi14x [30/Mar/2020:10:11:35 -0400] "GET /manager/text/ HTTP/1.1" 200 41
127.0.0.1 - - [30/Mar/2020:10:11:35 -0400] "HEAD /netbeans-tomcat-status-test HTTP/1.1" 404 -
127.0.0.1 - airi14x [30/Mar/2020:10:11:35 -0400] "GET /manager/text/ HTTP/1.1" 200 41
127.0.0.1 - airi14x [30/Mar/2020:10:11:35 -0400] "GET /manager/text/list HTTP/1.1" 200 1267
127.0.0.1 - airi14x [30/Mar/2020:10:11:52 -0400] "GET /manager/text/reload?path=/A2-LoanService HTTP/1.1" 200 99
127.0.0.1 - - [30/Mar/2020:10:11:52 -0400] "HEAD /netbeans-tomcat-status-test HTTP/1.1" 404 -
127.0.0.1 - airi14x [30/Mar/2020:10:11:52 -0400] "GET /manager/text/ HTTP/1.1" 200 41
127.0.0.1 - - [30/Mar/2020:10:11:52 -0400] "HEAD /netbeans-tomcat-status-test HTTP/1.1" 404 -
127.0.0.1 - airi14x [30/Mar/2020:10:11:52 -0400] "GET /manager/text/ HTTP/1.1" 200 41
127.0.0.1 - - [30/Mar/2020:10:11:52 -0400] "HEAD /netbeans-tomcat-status-test HTTP/1.1" 404 -
127.0.0.1 - airi14x [30/Mar/2020:10:11:52 -0400] "GET /manager/text/ HTTP/1.1" 200 41
127.0.0.1 - airi14x [30/Mar/2020:10:11:52 -0400] "GET /manager/text/list HTTP/1.1" 200 1267
127.0.0.1 - airi14x [30/Mar/2020:10:12:00 -0400] "GET /manager/text/reload?path=/A2-LibraryService HTTP/1.1" 200 102
127.0.0.1 - - [30/Mar/2020:10:12:00 -0400] "HEAD /netbeans-tomcat-status-test HTTP/1.1" 404 -
127.0.0.1 - airi14x [30/Mar/2020:10:12:00 -0400] "GET /manager/text/ HTTP/1.1" 200 41
127.0.0.1 - - [30/Mar/2020:10:12:00 -0400] "HEAD /netbeans-tomcat-status-test HTTP/1.1" 404 -
127.0.0.1 - airi14x [30/Mar/2020:10:12:00 -0400] "GET /manager/text/ HTTP/1.1" 200 41
127.0.0.1 - - [30/Mar/2020:10:12:00 -0400] "HEAD /netbeans-tomcat-status-test HTTP/1.1" 404 -
127.0.0.1 - airi14x [30/Mar/2020:10:12:00 -0400] "GET /manager/text/ HTTP/1.1" 200 41
127.0.0.1 - airi14x [30/Mar/2020:10:12:00 -0400] "GET /manager/text/list HTTP/1.1" 200 1267
127.0.0.1 - airi14x [30/Mar/2020:10:12:08 -0400] "GET /manager/text/reload?path=/A2-LoanService HTTP/1.1" 200 99
127.0.0.1 - - [30/Mar/2020:10:12:08 -0400] "HEAD /netbeans-tomcat-status-test HTTP/1.1" 404 -
127.0.0.1 - airi14x [30/Mar/2020:10:12:08 -0400] "GET /manager/text/ HTTP/1.1" 200 41
127.0.0.1 - - [30/Mar/2020:10:12:43 -0400] "HEAD /netbeans-tomcat-status-test HTTP/1.1" 404 -
127.0.0.1 - airi14x [30/Mar/2020:10:12:43 -0400] "GET /manager/text/ HTTP/1.1" 200 41
127.0.0.1 - - [30/Mar/2020:10:12:43 -0400] "HEAD /netbeans-tomcat-status-test HTTP/1.1" 404 -
127.0.0.1 - airi14x [30/Mar/2020:10:12:43 -0400] "GET /manager/text/ HTTP/1.1" 200 41
127.0.0.1 - - [30/Mar/2020:10:12:43 -0400] "HEAD /netbeans-tomcat-status-test HTTP/1.1" 404 -
127.0.0.1 - airi14x [30/Mar/2020:10:12:43 -0400] "GET /manager/text/ HTTP/1.1" 200 41
127.0.0.1 - - [30/Mar/2020:10:12:43 -0400] "HEAD /netbeans-tomcat-status-test HTTP/1.1" 404 -
127.0.0.1 - airi14x [30/Mar/2020:10:12:43 -0400] "GET /manager/text/ HTTP/1.1" 200 41
127.0.0.1 - airi14x [30/Mar/2020:10:12:43 -0400] "GET /manager/text/list HTTP/1.1" 200 1267
127.0.0.1 - airi14x [30/Mar/2020:10:12:43 -0400] "GET /manager/text/list HTTP/1.1" 200 1267
127.0.0.1 - airi14x [30/Mar/2020:10:12:49 -0400] "GET /manager/text/deploy?config=file%3A%2Fvar%2Ffolders%2Fq9%2Fr0kqgvws6mxcw59hj8ll3z2w0000gn%2FT%2Fcontext2254919560075383066.xml&path=/A2-Client HTTP/1.1" 200 79
127.0.0.1 - airi14x [30/Mar/2020:10:12:49 -0400] "GET /manager/text/start?path=/A2-Client HTTP/1.1" 200 79
0:0:0:0:0:0:0:1 - - [30/Mar/2020:10:12:50 -0400] "GET /A2-Client HTTP/1.1" 302 -
0:0:0:0:0:0:0:1 - - [30/Mar/2020:10:12:50 -0400] "GET /A2-Client/ HTTP/1.1" 200 758
0:0:0:0:0:0:0:1 - - [30/Mar/2020:10:12:59 -0400] "POST /A2-Client/Login HTTP/1.1" 200 402
0:0:0:0:0:0:0:1 - - [30/Mar/2020:10:13:00 -0400] "GET /A2-Client/Services?service=soap HTTP/1.1" 200 4167
127.0.0.1 - - [30/Mar/2020:10:13:07 -0400] "GET /A2-LoanService/LoanServiceMemberManagerImpl?wsdl HTTP/1.1" 200 5994
127.0.0.1 - - [30/Mar/2020:10:13:08 -0400] "POST /A2-LoanService/LoanServiceMemberManagerImpl HTTP/1.1" 200 301
0:0:0:0:0:0:0:1 - - [30/Mar/2020:10:13:08 -0400] "POST /A2-Client/MemberManagerController HTTP/1.1" 200 342
0:0:0:0:0:0:0:1 - - [30/Mar/2020:10:13:09 -0400] "GET /A2-Client/loans_index.jsp HTTP/1.1" 200 4167
127.0.0.1 - - [30/Mar/2020:10:13:10 -0400] "GET /A2-LoanService/LoanServiceMemberManagerImpl?wsdl HTTP/1.1" 200 5994
127.0.0.1 - - [30/Mar/2020:10:13:10 -0400] "POST /A2-LoanService/LoanServiceMemberManagerImpl HTTP/1.1" 200 303
0:0:0:0:0:0:0:1 - - [30/Mar/2020:10:13:10 -0400] "GET /A2-Client/MemberManagerController?members=displayAll HTTP/1.1" 200 378
127.0.0.1 - - [30/Mar/2020:10:13:12 -0400] "GET /A2-LoanService/LoanServiceMemberManagerImpl?wsdl HTTP/1.1" 200 5994
127.0.0.1 - - [30/Mar/2020:10:13:12 -0400] "POST /A2-LoanService/LoanServiceMemberManagerImpl HTTP/1.1" 200 305
0:0:0:0:0:0:0:1 - - [30/Mar/2020:10:13:12 -0400] "GET /A2-Client/MemberManagerController?viewMemberID=1&members=displayMember HTTP/1.1" 200 374
127.0.0.1 - - [30/Mar/2020:10:13:15 -0400] "GET /A2-LoanService/LoanServiceMemberManagerImpl?wsdl HTTP/1.1" 200 5994
127.0.0.1 - - [30/Mar/2020:10:13:15 -0400] "POST /A2-LoanService/LoanServiceMemberManagerImpl HTTP/1.1" 200 356
0:0:0:0:0:0:0:1 - - [30/Mar/2020:10:13:15 -0400] "POST /A2-Client/MemberManagerController HTTP/1.1" 200 342
0:0:0:0:0:0:0:1 - - [30/Mar/2020:10:13:16 -0400] "GET /A2-Client/loans_index.jsp HTTP/1.1" 200 4167
127.0.0.1 - - [30/Mar/2020:10:13:16 -0400] "GET /A2-LoanService/LoanServiceMemberManagerImpl?wsdl HTTP/1.1" 200 5994
127.0.0.1 - - [30/Mar/2020:10:13:17 -0400] "POST /A2-LoanService/LoanServiceMemberManagerImpl HTTP/1.1" 200 358
0:0:0:0:0:0:0:1 - - [30/Mar/2020:10:13:17 -0400] "GET /A2-Client/MemberManagerController?members=displayAll HTTP/1.1" 200 433
127.0.0.1 - - [30/Mar/2020:10:13:22 -0400] "GET /A2-LoanService/LoanServiceMemberManagerImpl?wsdl HTTP/1.1" 200 5994
127.0.0.1 - - [30/Mar/2020:10:13:22 -0400] "POST /A2-LoanService/LoanServiceMemberManagerImpl HTTP/1.1" 200 364
0:0:0:0:0:0:0:1 - - [30/Mar/2020:10:13:22 -0400] "POST /A2-Client/MemberManagerController HTTP/1.1" 200 339
0:0:0:0:0:0:0:1 - - [30/Mar/2020:10:13:23 -0400] "GET /A2-Client/loans_index.jsp HTTP/1.1" 200 4167
127.0.0.1 - - [30/Mar/2020:10:13:24 -0400] "GET /A2-LoanService/LoanServiceMemberManagerImpl?wsdl HTTP/1.1" 200 5994
127.0.0.1 - - [30/Mar/2020:10:13:24 -0400] "POST /A2-LoanService/LoanServiceMemberManagerImpl HTTP/1.1" 200 360
0:0:0:0:0:0:0:1 - - [30/Mar/2020:10:13:24 -0400] "GET /A2-Client/MemberManagerController?members=displayAll HTTP/1.1" 200 435
127.0.0.1 - - [30/Mar/2020:10:13:31 -0400] "GET /A2-LoanService/LoanServiceMemberManagerImpl?wsdl HTTP/1.1" 200 5994
127.0.0.1 - - [30/Mar/2020:10:13:31 -0400] "POST /A2-LoanService/LoanServiceMemberManagerImpl HTTP/1.1" 500 513
0:0:0:0:0:0:0:1 - - [30/Mar/2020:10:13:31 -0400] "GET /A2-Client/MemberManagerController?deleteMemberID=3&members=deleteMember HTTP/1.1" 200 380
0:0:0:0:0:0:0:1 - - [30/Mar/2020:10:13:31 -0400] "GET /favicon.ico HTTP/1.1" 404 635
127.0.0.1 - - [30/Mar/2020:10:13:34 -0400] "GET /A2-LoanService/LoanServiceMemberManagerImpl?wsdl HTTP/1.1" 200 5994
127.0.0.1 - - [30/Mar/2020:10:13:34 -0400] "POST /A2-LoanService/LoanServiceMemberManagerImpl HTTP/1.1" 200 309
0:0:0:0:0:0:0:1 - - [30/Mar/2020:10:13:34 -0400] "GET /A2-Client/MemberManagerController?deleteMemberID=2&members=deleteMember HTTP/1.1" 200 346
0:0:0:0:0:0:0:1 - - [30/Mar/2020:10:13:34 -0400] "GET /favicon.ico HTTP/1.1" 404 635
0:0:0:0:0:0:0:1 - - [30/Mar/2020:10:13:35 -0400] "GET /A2-Client/loans_index.jsp HTTP/1.1" 200 4167
127.0.0.1 - - [30/Mar/2020:10:13:36 -0400] "GET /A2-LoanService/LoanServiceMemberManagerImpl?wsdl HTTP/1.1" 200 5994
127.0.0.1 - - [30/Mar/2020:10:13:36 -0400] "POST /A2-LoanService/LoanServiceMemberManagerImpl HTTP/1.1" 200 305
0:0:0:0:0:0:0:1 - - [30/Mar/2020:10:13:36 -0400] "GET /A2-Client/MemberManagerController?members=displayAll HTTP/1.1" 200 380
127.0.0.1 - - [30/Mar/2020:10:13:44 -0400] "GET /A2-LoanService/LoanServiceLoanManagerImpl1?wsdl HTTP/1.1" 200 7610
127.0.0.1 - - [30/Mar/2020:10:13:44 -0400] "POST /A2-LoanService/LoanServiceLoanManagerImpl1 HTTP/1.1" 500 477
0:0:0:0:0:0:0:1 - - [30/Mar/2020:10:13:44 -0400] "POST /A2-Client/LoanManagerController HTTP/1.1" 200 505
0:0:0:0:0:0:0:1 - - [30/Mar/2020:10:13:46 -0400] "GET /A2-Client/loans_index.jsp HTTP/1.1" 200 4167
127.0.0.1 - - [30/Mar/2020:10:13:52 -0400] "GET /A2-LoanService/LoanServiceLoanManagerImpl1?wsdl HTTP/1.1" 200 7610
127.0.0.1 - - [30/Mar/2020:10:13:52 -0400] "POST /A2-LoanService/LoanServiceLoanManagerImpl1 HTTP/1.1" 500 501
0:0:0:0:0:0:0:1 - - [30/Mar/2020:10:13:52 -0400] "POST /A2-Client/LoanManagerController HTTP/1.1" 200 517
127.0.0.1 - - [30/Mar/2020:10:13:58 -0400] "GET /A2-LoanService/LoanServiceLoanManagerImpl1?wsdl HTTP/1.1" 200 7610
127.0.0.1 - - [30/Mar/2020:10:13:58 -0400] "POST /A2-LoanService/LoanServiceLoanManagerImpl1 HTTP/1.1" 500 473
0:0:0:0:0:0:0:1 - - [30/Mar/2020:10:13:58 -0400] "POST /A2-Client/LoanManagerController HTTP/1.1" 200 498
0:0:0:0:0:0:0:1 - - [30/Mar/2020:10:14:01 -0400] "GET /A2-Client/librarySystem.jsp HTTP/1.1" 200 2159
127.0.0.1 - - [30/Mar/2020:10:14:11 -0400] "GET /A2-LoanService/LoanServiceLibraryManagerImpl?wsdl HTTP/1.1" 200 6986
127.0.0.1 - - [30/Mar/2020:10:14:11 -0400] "POST /A2-LoanService/LoanServiceLibraryManagerImpl HTTP/1.1" 200 330
127.0.0.1 - - [30/Mar/2020:10:14:11 -0400] "GET /A2-LoanService/LoanServiceLibraryManagerImpl?wsdl HTTP/1.1" 200 6986
127.0.0.1 - - [30/Mar/2020:10:14:11 -0400] "POST /A2-LoanService/LoanServiceLibraryManagerImpl HTTP/1.1" 200 356
0:0:0:0:0:0:0:1 - - [30/Mar/2020:10:14:11 -0400] "POST /A2-Client/LibrarySystemController HTTP/1.1" 200 698
0:0:0:0:0:0:0:1 - - [30/Mar/2020:10:14:15 -0400] "GET /A2-Client/librarySystem.jsp HTTP/1.1" 200 2159
127.0.0.1 - - [30/Mar/2020:10:14:20 -0400] "GET /A2-LoanService/LoanServiceLibraryManagerImpl?wsdl HTTP/1.1" 200 6986
127.0.0.1 - - [30/Mar/2020:10:14:20 -0400] "POST /A2-LoanService/LoanServiceLibraryManagerImpl HTTP/1.1" 500 527
0:0:0:0:0:0:0:1 - - [30/Mar/2020:10:14:20 -0400] "POST /A2-Client/LibrarySystemController HTTP/1.1" 200 567
127.0.0.1 - - [30/Mar/2020:10:14:25 -0400] "GET /A2-LoanService/LoanServiceLibraryManagerImpl?wsdl HTTP/1.1" 200 6986
127.0.0.1 - - [30/Mar/2020:10:14:25 -0400] "POST /A2-LoanService/LoanServiceLibraryManagerImpl HTTP/1.1" 500 439
0:0:0:0:0:0:0:1 - - [30/Mar/2020:10:14:25 -0400] "POST /A2-Client/LibrarySystemController HTTP/1.1" 200 523
127.0.0.1 - - [30/Mar/2020:10:16:19 -0400] "HEAD /netbeans-tomcat-status-test HTTP/1.1" 404 -
127.0.0.1 - airi14x [30/Mar/2020:10:16:19 -0400] "GET /manager/text/ HTTP/1.1" 200 41
127.0.0.1 - - [30/Mar/2020:10:16:19 -0400] "HEAD /netbeans-tomcat-status-test HTTP/1.1" 404 -
127.0.0.1 - airi14x [30/Mar/2020:10:16:19 -0400] "GET /manager/text/ HTTP/1.1" 200 41
127.0.0.1 - - [30/Mar/2020:10:16:20 -0400] "HEAD /netbeans-tomcat-status-test HTTP/1.1" 404 -
127.0.0.1 - airi14x [30/Mar/2020:10:16:20 -0400] "GET /manager/text/ HTTP/1.1" 200 41
127.0.0.1 - airi14x [30/Mar/2020:10:16:20 -0400] "GET /manager/text/list HTTP/1.1" 200 1359
127.0.0.1 - airi14x [30/Mar/2020:10:16:29 -0400] "GET /manager/text/reload?path=/A2-LoanService HTTP/1.1" 200 99
127.0.0.1 - - [30/Mar/2020:10:16:29 -0400] "HEAD /netbeans-tomcat-status-test HTTP/1.1" 404 -
127.0.0.1 - airi14x [30/Mar/2020:10:16:29 -0400] "GET /manager/text/ HTTP/1.1" 200 41
127.0.0.1 - - [30/Mar/2020:10:16:33 -0400] "GET /A2-LoanService/LoanServiceLibraryManagerImpl?wsdl HTTP/1.1" 200 6986
127.0.0.1 - - [30/Mar/2020:10:16:34 -0400] "POST /A2-LoanService/LoanServiceLibraryManagerImpl HTTP/1.1" 500 439
0:0:0:0:0:0:0:1 - - [30/Mar/2020:10:16:34 -0400] "POST /A2-Client/LibrarySystemController HTTP/1.1" 200 523
0:0:0:0:0:0:0:1 - - [30/Mar/2020:10:16:35 -0400] "GET /A2-Client/loans_index.jsp HTTP/1.1" 200 4167
127.0.0.1 - - [30/Mar/2020:10:16:36 -0400] "GET /A2-LoanService/LoanServiceMemberManagerImpl?wsdl HTTP/1.1" 200 5994
127.0.0.1 - - [30/Mar/2020:10:16:36 -0400] "POST /A2-LoanService/LoanServiceMemberManagerImpl HTTP/1.1" 200 271
0:0:0:0:0:0:0:1 - - [30/Mar/2020:10:16:36 -0400] "GET /A2-Client/MemberManagerController?members=displayAll HTTP/1.1" 200 346
0:0:0:0:0:0:0:1 - - [30/Mar/2020:10:16:37 -0400] "GET /A2-Client/loans_index.jsp HTTP/1.1" 200 4167
0:0:0:0:0:0:0:1 - - [30/Mar/2020:10:16:38 -0400] "GET /A2-Client/librarySystem.jsp HTTP/1.1" 200 2159
127.0.0.1 - - [30/Mar/2020:10:16:39 -0400] "GET /A2-LoanService/LoanServiceLibraryManagerImpl?wsdl HTTP/1.1" 200 6986
127.0.0.1 - - [30/Mar/2020:10:16:39 -0400] "POST /A2-LoanService/LoanServiceLibraryManagerImpl HTTP/1.1" 200 273
127.0.0.1 - - [30/Mar/2020:10:16:39 -0400] "GET /A2-LoanService/LoanServiceLibraryManagerImpl?wsdl HTTP/1.1" 200 6986
127.0.0.1 - - [30/Mar/2020:10:16:39 -0400] "POST /A2-LoanService/LoanServiceLibraryManagerImpl HTTP/1.1" 200 270
0:0:0:0:0:0:0:1 - - [30/Mar/2020:10:16:39 -0400] "GET /A2-Client/LibrarySystemController?library=displayAll HTTP/1.1" 200 545
127.0.0.1 - - [30/Mar/2020:10:16:44 -0400] "GET /A2-LoanService/LoanServiceLibraryManagerImpl?wsdl HTTP/1.1" 200 6986
127.0.0.1 - - [30/Mar/2020:10:16:44 -0400] "POST /A2-LoanService/LoanServiceLibraryManagerImpl HTTP/1.1" 200 328
127.0.0.1 - - [30/Mar/2020:10:16:44 -0400] "GET /A2-LoanService/LoanServiceLibraryManagerImpl?wsdl HTTP/1.1" 200 6986
127.0.0.1 - - [30/Mar/2020:10:16:44 -0400] "POST /A2-LoanService/LoanServiceLibraryManagerImpl HTTP/1.1" 200 354
0:0:0:0:0:0:0:1 - - [30/Mar/2020:10:16:44 -0400] "POST /A2-Client/LibrarySystemController HTTP/1.1" 200 694
0:0:0:0:0:0:0:1 - - [30/Mar/2020:10:16:45 -0400] "GET /A2-Client/loans_index.jsp HTTP/1.1" 200 4167
0:0:0:0:0:0:0:1 - - [30/Mar/2020:10:16:47 -0400] "GET /A2-Client/librarySystem.jsp HTTP/1.1" 200 2159
127.0.0.1 - - [30/Mar/2020:10:16:48 -0400] "GET /A2-LoanService/LoanServiceLibraryManagerImpl?wsdl HTTP/1.1" 200 6986
127.0.0.1 - - [30/Mar/2020:10:16:48 -0400] "POST /A2-LoanService/LoanServiceLibraryManagerImpl HTTP/1.1" 200 324
0:0:0:0:0:0:0:1 - - [30/Mar/2020:10:16:48 -0400] "GET /A2-Client/LibrarySystemController?viewBookID=1&library=displayBook HTTP/1.1" 200 610
0:0:0:0:0:0:0:1 - - [30/Mar/2020:10:16:49 -0400] "GET /favicon.ico HTTP/1.1" 404 635
127.0.0.1 - - [30/Mar/2020:10:16:57 -0400] "GET /A2-LoanService/LoanServiceLibraryManagerImpl?wsdl HTTP/1.1" 200 6986
127.0.0.1 - - [30/Mar/2020:10:16:57 -0400] "POST /A2-LoanService/LoanServiceLibraryManagerImpl HTTP/1.1" 200 336
127.0.0.1 - - [30/Mar/2020:10:16:57 -0400] "GET /A2-LoanService/LoanServiceLibraryManagerImpl?wsdl HTTP/1.1" 200 6986
127.0.0.1 - - [30/Mar/2020:10:16:57 -0400] "POST /A2-LoanService/LoanServiceLibraryManagerImpl HTTP/1.1" 200 356
0:0:0:0:0:0:0:1 - - [30/Mar/2020:10:16:57 -0400] "POST /A2-Client/LibrarySystemController HTTP/1.1" 200 690
0:0:0:0:0:0:0:1 - - [30/Mar/2020:10:16:58 -0400] "GET /A2-Client/loans_index.jsp HTTP/1.1" 200 4167
0:0:0:0:0:0:0:1 - - [30/Mar/2020:10:17:00 -0400] "GET /A2-Client/librarySystem.jsp HTTP/1.1" 200 2159
127.0.0.1 - - [30/Mar/2020:10:17:04 -0400] "GET /A2-LoanService/LoanServiceLibraryManagerImpl?wsdl HTTP/1.1" 200 6986
127.0.0.1 - - [30/Mar/2020:10:17:04 -0400] "POST /A2-LoanService/LoanServiceLibraryManagerImpl HTTP/1.1" 500 469
0:0:0:0:0:0:0:1 - - [30/Mar/2020:10:17:04 -0400] "GET /A2-Client/LibrarySystemController?deleteBookID=4&library=deleteBook HTTP/1.1" 200 538
0:0:0:0:0:0:0:1 - - [30/Mar/2020:10:17:04 -0400] "GET /favicon.ico HTTP/1.1" 404 635
0:0:0:0:0:0:0:1 - - [30/Mar/2020:10:17:04 -0400] "GET /A2-Client/loans_index.jsp HTTP/1.1" 200 4167
127.0.0.1 - - [30/Mar/2020:10:17:10 -0400] "GET /A2-LoanService/LoanServiceLoanManagerImpl1?wsdl HTTP/1.1" 200 7610
127.0.0.1 - - [30/Mar/2020:10:17:10 -0400] "POST /A2-LoanService/LoanServiceLoanManagerImpl1 HTTP/1.1" 200 288
0:0:0:0:0:0:0:1 - - [30/Mar/2020:10:17:10 -0400] "GET /A2-Client/LoanManagerController?listLoanBook=e&loans=listLoan2 HTTP/1.1" 200 524
0:0:0:0:0:0:0:1 - - [30/Mar/2020:10:17:10 -0400] "GET /favicon.ico HTTP/1.1" 404 635
127.0.0.1 - - [30/Mar/2020:10:17:17 -0400] "GET /A2-LoanService/LoanServiceLoanManagerImpl1?wsdl HTTP/1.1" 200 7610
127.0.0.1 - - [30/Mar/2020:10:17:17 -0400] "POST /A2-LoanService/LoanServiceLoanManagerImpl1 HTTP/1.1" 500 477
0:0:0:0:0:0:0:1 - - [30/Mar/2020:10:17:17 -0400] "POST /A2-Client/LoanManagerController HTTP/1.1" 200 505
0:0:0:0:0:0:0:1 - - [30/Mar/2020:10:17:18 -0400] "GET /A2-Client/loans_index.jsp HTTP/1.1" 200 4167
127.0.0.1 - - [30/Mar/2020:10:17:19 -0400] "GET /A2-LoanService/LoanServiceMemberManagerImpl?wsdl HTTP/1.1" 200 5994
127.0.0.1 - - [30/Mar/2020:10:17:20 -0400] "POST /A2-LoanService/LoanServiceMemberManagerImpl HTTP/1.1" 200 271
0:0:0:0:0:0:0:1 - - [30/Mar/2020:10:17:20 -0400] "GET /A2-Client/MemberManagerController?members=displayAll HTTP/1.1" 200 346
127.0.0.1 - - [30/Mar/2020:10:17:22 -0400] "GET /A2-LoanService/LoanServiceMemberManagerImpl?wsdl HTTP/1.1" 200 5994
127.0.0.1 - - [30/Mar/2020:10:17:23 -0400] "POST /A2-LoanService/LoanServiceMemberManagerImpl HTTP/1.1" 200 303
0:0:0:0:0:0:0:1 - - [30/Mar/2020:10:17:23 -0400] "POST /A2-Client/MemberManagerController HTTP/1.1" 200 342
0:0:0:0:0:0:0:1 - - [30/Mar/2020:10:17:23 -0400] "GET /A2-Client/loans_index.jsp HTTP/1.1" 200 4167
127.0.0.1 - - [30/Mar/2020:10:17:24 -0400] "GET /A2-LoanService/LoanServiceMemberManagerImpl?wsdl HTTP/1.1" 200 5994
127.0.0.1 - - [30/Mar/2020:10:17:24 -0400] "POST /A2-LoanService/LoanServiceMemberManagerImpl HTTP/1.1" 200 305
0:0:0:0:0:0:0:1 - - [30/Mar/2020:10:17:24 -0400] "GET /A2-Client/MemberManagerController?members=displayAll HTTP/1.1" 200 380
0:0:0:0:0:0:0:1 - - [30/Mar/2020:10:17:25 -0400] "GET /A2-Client/loans_index.jsp HTTP/1.1" 200 4167
127.0.0.1 - - [30/Mar/2020:10:17:30 -0400] "GET /A2-LoanService/LoanServiceLoanManagerImpl1?wsdl HTTP/1.1" 200 7610
127.0.0.1 - - [30/Mar/2020:10:17:30 -0400] "POST /A2-LoanService/LoanServiceLoanManagerImpl1 HTTP/1.1" 200 372
0:0:0:0:0:0:0:1 - - [30/Mar/2020:10:17:30 -0400] "POST /A2-Client/LoanManagerController HTTP/1.1" 200 582
0:0:0:0:0:0:0:1 - - [30/Mar/2020:10:17:33 -0400] "GET /A2-Client/loans_index.jsp HTTP/1.1" 200 4167
127.0.0.1 - - [30/Mar/2020:10:17:37 -0400] "GET /A2-LoanService/LoanServiceLoanManagerImpl1?wsdl HTTP/1.1" 200 7610
127.0.0.1 - - [30/Mar/2020:10:17:37 -0400] "POST /A2-LoanService/LoanServiceLoanManagerImpl1 HTTP/1.1" 200 372
0:0:0:0:0:0:0:1 - - [30/Mar/2020:10:17:37 -0400] "GET /A2-Client/LoanManagerController?listLoanID=1&loans=listLoan1 HTTP/1.1" 200 603
127.0.0.1 - - [30/Mar/2020:10:17:42 -0400] "GET /A2-LoanService/LoanServiceLoanManagerImpl1?wsdl HTTP/1.1" 200 7610
127.0.0.1 - - [30/Mar/2020:10:17:42 -0400] "POST /A2-LoanService/LoanServiceLoanManagerImpl1 HTTP/1.1" 200 368
0:0:0:0:0:0:0:1 - - [30/Mar/2020:10:17:42 -0400] "GET /A2-Client/LoanManagerController?listLoanBook=ddd&loans=listLoan2 HTTP/1.1" 200 606
0:0:0:0:0:0:0:1 - - [30/Mar/2020:10:17:42 -0400] "GET /favicon.ico HTTP/1.1" 404 635
127.0.0.1 - - [30/Mar/2020:10:17:45 -0400] "GET /A2-LoanService/LoanServiceLoanManagerImpl1?wsdl HTTP/1.1" 200 7610
127.0.0.1 - - [30/Mar/2020:10:17:45 -0400] "POST /A2-LoanService/LoanServiceLoanManagerImpl1 HTTP/1.1" 200 291
0:0:0:0:0:0:0:1 - - [30/Mar/2020:10:17:45 -0400] "GET /A2-Client/LoanManagerController?listLoanBook=dddd&loans=listLoan2 HTTP/1.1" 200 530
0:0:0:0:0:0:0:1 - - [30/Mar/2020:10:17:45 -0400] "GET /favicon.ico HTTP/1.1" 404 635
127.0.0.1 - - [30/Mar/2020:10:17:50 -0400] "GET /A2-LoanService/LoanServiceLoanManagerImpl1?wsdl HTTP/1.1" 200 7610
127.0.0.1 - - [30/Mar/2020:10:17:50 -0400] "POST /A2-LoanService/LoanServiceLoanManagerImpl1 HTTP/1.1" 200 375
0:0:0:0:0:0:0:1 - - [30/Mar/2020:10:17:50 -0400] "POST /A2-Client/LoanManagerController HTTP/1.1" 200 582
0:0:0:0:0:0:0:1 - - [30/Mar/2020:10:17:53 -0400] "GET /A2-Client/loans_index.jsp HTTP/1.1" 200 4167
127.0.0.1 - - [30/Mar/2020:10:18:05 -0400] "GET /A2-LoanService/LoanServiceMemberManagerImpl?wsdl HTTP/1.1" 200 5994
127.0.0.1 - - [30/Mar/2020:10:18:05 -0400] "POST /A2-LoanService/LoanServiceMemberManagerImpl HTTP/1.1" 200 313
0:0:0:0:0:0:0:1 - - [30/Mar/2020:10:18:05 -0400] "POST /A2-Client/MemberManagerController HTTP/1.1" 200 339
0:0:0:0:0:0:0:1 - - [30/Mar/2020:10:18:06 -0400] "GET /A2-Client/loans_index.jsp HTTP/1.1" 200 4167
127.0.0.1 - - [30/Mar/2020:10:18:10 -0400] "GET /A2-LoanService/LoanServiceLoanManagerImpl1?wsdl HTTP/1.1" 200 7610
127.0.0.1 - - [30/Mar/2020:10:18:10 -0400] "POST /A2-LoanService/LoanServiceLoanManagerImpl1 HTTP/1.1" 200 371
0:0:0:0:0:0:0:1 - - [30/Mar/2020:10:18:10 -0400] "GET /A2-Client/LoanManagerController?listLoanID=1&loans=listLoan1 HTTP/1.1" 200 602
127.0.0.1 - - [30/Mar/2020:10:18:26 -0400] "GET /A2-LoanService/LoanServiceMemberManagerImpl?wsdl HTTP/1.1" 200 5994
127.0.0.1 - - [30/Mar/2020:10:18:26 -0400] "POST /A2-LoanService/LoanServiceMemberManagerImpl HTTP/1.1" 200 309
0:0:0:0:0:0:0:1 - - [30/Mar/2020:10:18:26 -0400] "GET /A2-Client/MemberManagerController?members=displayAll HTTP/1.1" 200 384
127.0.0.1 - - [30/Mar/2020:10:18:33 -0400] "GET /A2-LoanService/LoanServiceLoanManagerImpl1?wsdl HTTP/1.1" 200 7610
127.0.0.1 - - [30/Mar/2020:10:18:33 -0400] "POST /A2-LoanService/LoanServiceLoanManagerImpl1 HTTP/1.1" 200 337
0:0:0:0:0:0:0:1 - - [30/Mar/2020:10:18:33 -0400] "POST /A2-Client/LoanManagerController HTTP/1.1" 200 549
0:0:0:0:0:0:0:1 - - [30/Mar/2020:10:18:35 -0400] "GET /A2-Client/loans_index.jsp HTTP/1.1" 200 4167
127.0.0.1 - - [30/Mar/2020:10:18:41 -0400] "GET /A2-LoanService/LoanServiceLoanManagerImpl1?wsdl HTTP/1.1" 200 7610
127.0.0.1 - - [30/Mar/2020:10:18:41 -0400] "POST /A2-LoanService/LoanServiceLoanManagerImpl1 HTTP/1.1" 500 501
0:0:0:0:0:0:0:1 - - [30/Mar/2020:10:18:41 -0400] "POST /A2-Client/LoanManagerController HTTP/1.1" 200 517
0:0:0:0:0:0:0:1 - - [30/Mar/2020:10:18:45 -0400] "GET /A2-Client/loans_index.jsp HTTP/1.1" 200 4167
127.0.0.1 - - [30/Mar/2020:10:18:50 -0400] "GET /A2-LoanService/LoanServiceLoanManagerImpl1?wsdl HTTP/1.1" 200 7610
127.0.0.1 - - [30/Mar/2020:10:18:50 -0400] "POST /A2-LoanService/LoanServiceLoanManagerImpl1 HTTP/1.1" 200 374
0:0:0:0:0:0:0:1 - - [30/Mar/2020:10:18:50 -0400] "POST /A2-Client/LoanManagerController HTTP/1.1" 200 584
0:0:0:0:0:0:0:1 - - [30/Mar/2020:10:18:52 -0400] "GET /A2-Client/loans_index.jsp HTTP/1.1" 200 4167
127.0.0.1 - - [30/Mar/2020:10:18:59 -0400] "GET /A2-LoanService/LoanServiceLoanManagerImpl1?wsdl HTTP/1.1" 200 7610
127.0.0.1 - - [30/Mar/2020:10:19:00 -0400] "POST /A2-LoanService/LoanServiceLoanManagerImpl1 HTTP/1.1" 500 439
0:0:0:0:0:0:0:1 - - [30/Mar/2020:10:19:00 -0400] "POST /A2-Client/LoanManagerController HTTP/1.1" 200 486
127.0.0.1 - - [30/Mar/2020:10:19:02 -0400] "GET /A2-LoanService/LoanServiceLoanManagerImpl1?wsdl HTTP/1.1" 200 7610
127.0.0.1 - - [30/Mar/2020:10:19:02 -0400] "POST /A2-LoanService/LoanServiceLoanManagerImpl1 HTTP/1.1" 200 258
0:0:0:0:0:0:0:1 - - [30/Mar/2020:10:19:02 -0400] "GET /A2-Client/LoanManagerController?deleteLoanID=1&loans=deleteBookLoan HTTP/1.1" 200 463
127.0.0.1 - - [30/Mar/2020:10:19:05 -0400] "GET /A2-LoanService/LoanServiceLoanManagerImpl1?wsdl HTTP/1.1" 200 7610
127.0.0.1 - - [30/Mar/2020:10:19:05 -0400] "POST /A2-LoanService/LoanServiceLoanManagerImpl1 HTTP/1.1" 200 376
0:0:0:0:0:0:0:1 - - [30/Mar/2020:10:19:05 -0400] "POST /A2-Client/LoanManagerController HTTP/1.1" 200 586
0:0:0:0:0:0:0:1 - - [30/Mar/2020:10:19:07 -0400] "GET /A2-Client/loans_index.jsp HTTP/1.1" 200 4167
127.0.0.1 - - [30/Mar/2020:10:19:37 -0400] "HEAD /netbeans-tomcat-status-test HTTP/1.1" 404 -
127.0.0.1 - airi14x [30/Mar/2020:10:19:37 -0400] "GET /manager/text/ HTTP/1.1" 200 41
127.0.0.1 - - [30/Mar/2020:10:19:37 -0400] "HEAD /netbeans-tomcat-status-test HTTP/1.1" 404 -
127.0.0.1 - airi14x [30/Mar/2020:10:19:37 -0400] "GET /manager/text/ HTTP/1.1" 200 41
127.0.0.1 - - [30/Mar/2020:10:19:37 -0400] "HEAD /netbeans-tomcat-status-test HTTP/1.1" 404 -
127.0.0.1 - airi14x [30/Mar/2020:10:19:37 -0400] "GET /manager/text/ HTTP/1.1" 200 41
127.0.0.1 - airi14x [30/Mar/2020:10:19:37 -0400] "GET /manager/text/list HTTP/1.1" 200 1359
127.0.0.1 - airi14x [30/Mar/2020:10:19:52 -0400] "GET /manager/text/reload?path=/A2-LoanService HTTP/1.1" 200 99
127.0.0.1 - - [30/Mar/2020:10:19:52 -0400] "HEAD /netbeans-tomcat-status-test HTTP/1.1" 404 -
127.0.0.1 - airi14x [30/Mar/2020:10:19:52 -0400] "GET /manager/text/ HTTP/1.1" 200 41
127.0.0.1 - - [30/Mar/2020:10:20:00 -0400] "HEAD /netbeans-tomcat-status-test HTTP/1.1" 404 -
127.0.0.1 - airi14x [30/Mar/2020:10:20:00 -0400] "GET /manager/text/ HTTP/1.1" 200 41
127.0.0.1 - - [30/Mar/2020:10:20:00 -0400] "HEAD /netbeans-tomcat-status-test HTTP/1.1" 404 -
127.0.0.1 - airi14x [30/Mar/2020:10:20:00 -0400] "GET /manager/text/ HTTP/1.1" 200 41
127.0.0.1 - - [30/Mar/2020:10:20:00 -0400] "HEAD /netbeans-tomcat-status-test HTTP/1.1" 404 -
127.0.0.1 - airi14x [30/Mar/2020:10:20:00 -0400] "GET /manager/text/ HTTP/1.1" 200 41
127.0.0.1 - airi14x [30/Mar/2020:10:20:00 -0400] "GET /manager/text/list HTTP/1.1" 200 1359
127.0.0.1 - airi14x [30/Mar/2020:10:20:16 -0400] "GET /manager/text/reload?path=/A2-LoanService HTTP/1.1" 200 99
127.0.0.1 - - [30/Mar/2020:10:20:16 -0400] "HEAD /netbeans-tomcat-status-test HTTP/1.1" 404 -
127.0.0.1 - airi14x [30/Mar/2020:10:20:16 -0400] "GET /manager/text/ HTTP/1.1" 200 41
127.0.0.1 - - [30/Mar/2020:10:20:16 -0400] "HEAD /netbeans-tomcat-status-test HTTP/1.1" 404 -
127.0.0.1 - airi14x [30/Mar/2020:10:20:16 -0400] "GET /manager/text/ HTTP/1.1" 200 41
127.0.0.1 - - [30/Mar/2020:10:20:16 -0400] "HEAD /netbeans-tomcat-status-test HTTP/1.1" 404 -
127.0.0.1 - airi14x [30/Mar/2020:10:20:16 -0400] "GET /manager/text/ HTTP/1.1" 200 41
127.0.0.1 - airi14x [30/Mar/2020:10:20:16 -0400] "GET /manager/text/list HTTP/1.1" 200 1359
127.0.0.1 - airi14x [30/Mar/2020:10:20:29 -0400] "GET /manager/text/reload?path=/A2-LoanService HTTP/1.1" 200 99
127.0.0.1 - - [30/Mar/2020:10:20:29 -0400] "HEAD /netbeans-tomcat-status-test HTTP/1.1" 404 -
127.0.0.1 - airi14x [30/Mar/2020:10:20:29 -0400] "GET /manager/text/ HTTP/1.1" 200 41
127.0.0.1 - - [30/Mar/2020:10:25:10 -0400] "HEAD /netbeans-tomcat-status-test HTTP/1.1" 404 -
127.0.0.1 - airi14x [30/Mar/2020:10:25:10 -0400] "GET /manager/text/ HTTP/1.1" 200 41
127.0.0.1 - - [30/Mar/2020:10:25:10 -0400] "HEAD /netbeans-tomcat-status-test HTTP/1.1" 404 -
127.0.0.1 - airi14x [30/Mar/2020:10:25:10 -0400] "GET /manager/text/ HTTP/1.1" 200 41
127.0.0.1 - airi14x [30/Mar/2020:10:25:10 -0400] "GET /manager/text/list HTTP/1.1" 200 1359
127.0.0.1 - airi14x [30/Mar/2020:10:25:10 -0400] "GET /manager/text/undeploy?path=/A2-LoanService HTTP/1.1" 200 88
127.0.0.1 - - [30/Mar/2020:10:25:17 -0400] "HEAD /netbeans-tomcat-status-test HTTP/1.1" 404 -
127.0.0.1 - airi14x [30/Mar/2020:10:25:17 -0400] "GET /manager/text/ HTTP/1.1" 200 41
127.0.0.1 - - [30/Mar/2020:10:25:17 -0400] "HEAD /netbeans-tomcat-status-test HTTP/1.1" 404 -
127.0.0.1 - airi14x [30/Mar/2020:10:25:17 -0400] "GET /manager/text/ HTTP/1.1" 200 41
127.0.0.1 - - [30/Mar/2020:10:25:17 -0400] "HEAD /netbeans-tomcat-status-test HTTP/1.1" 404 -
127.0.0.1 - airi14x [30/Mar/2020:10:25:17 -0400] "GET /manager/text/ HTTP/1.1" 200 41
127.0.0.1 - airi14x [30/Mar/2020:10:25:17 -0400] "GET /manager/text/list HTTP/1.1" 200 1257
127.0.0.1 - airi14x [30/Mar/2020:10:25:27 -0400] "GET /manager/text/reload?path=/A2-Client HTTP/1.1" 200 94
127.0.0.1 - - [30/Mar/2020:10:25:27 -0400] "HEAD /netbeans-tomcat-status-test HTTP/1.1" 404 -
127.0.0.1 - airi14x [30/Mar/2020:10:25:27 -0400] "GET /manager/text/ HTTP/1.1" 200 41
127.0.0.1 - - [30/Mar/2020:10:25:27 -0400] "HEAD /netbeans-tomcat-status-test HTTP/1.1" 404 -
127.0.0.1 - airi14x [30/Mar/2020:10:25:27 -0400] "GET /manager/text/ HTTP/1.1" 200 41
127.0.0.1 - - [30/Mar/2020:10:25:27 -0400] "HEAD /netbeans-tomcat-status-test HTTP/1.1" 404 -
127.0.0.1 - airi14x [30/Mar/2020:10:25:27 -0400] "GET /manager/text/ HTTP/1.1" 200 41
127.0.0.1 - airi14x [30/Mar/2020:10:25:27 -0400] "GET /manager/text/list HTTP/1.1" 200 1257
127.0.0.1 - airi14x [30/Mar/2020:10:25:33 -0400] "GET /manager/text/reload?path=/A2-LibraryService HTTP/1.1" 200 102
127.0.0.1 - - [30/Mar/2020:10:25:33 -0400] "HEAD /netbeans-tomcat-status-test HTTP/1.1" 404 -
127.0.0.1 - airi14x [30/Mar/2020:10:25:33 -0400] "GET /manager/text/ HTTP/1.1" 200 41
127.0.0.1 - - [30/Mar/2020:10:25:33 -0400] "HEAD /netbeans-tomcat-status-test HTTP/1.1" 404 -
127.0.0.1 - airi14x [30/Mar/2020:10:25:33 -0400] "GET /manager/text/ HTTP/1.1" 200 41
127.0.0.1 - - [30/Mar/2020:10:25:33 -0400] "HEAD /netbeans-tomcat-status-test HTTP/1.1" 404 -
127.0.0.1 - airi14x [30/Mar/2020:10:25:33 -0400] "GET /manager/text/ HTTP/1.1" 200 41
127.0.0.1 - airi14x [30/Mar/2020:10:25:33 -0400] "GET /manager/text/list HTTP/1.1" 200 1257
127.0.0.1 - airi14x [30/Mar/2020:10:25:36 -0400] "GET /manager/text/reload?path=/A2-Client HTTP/1.1" 200 94
127.0.0.1 - - [30/Mar/2020:10:25:36 -0400] "HEAD /netbeans-tomcat-status-test HTTP/1.1" 404 -
127.0.0.1 - airi14x [30/Mar/2020:10:25:36 -0400] "GET /manager/text/ HTTP/1.1" 200 41
127.0.0.1 - - [30/Mar/2020:10:26:03 -0400] "HEAD /netbeans-tomcat-status-test HTTP/1.1" 404 -
127.0.0.1 - airi14x [30/Mar/2020:10:26:03 -0400] "GET /manager/text/ HTTP/1.1" 200 41
127.0.0.1 - - [30/Mar/2020:10:26:03 -0400] "HEAD /netbeans-tomcat-status-test HTTP/1.1" 404 -
127.0.0.1 - airi14x [30/Mar/2020:10:26:03 -0400] "GET /manager/text/ HTTP/1.1" 200 41
127.0.0.1 - - [30/Mar/2020:10:26:03 -0400] "HEAD /netbeans-tomcat-status-test HTTP/1.1" 404 -
127.0.0.1 - airi14x [30/Mar/2020:10:26:03 -0400] "GET /manager/text/ HTTP/1.1" 200 41
127.0.0.1 - - [30/Mar/2020:10:26:03 -0400] "HEAD /netbeans-tomcat-status-test HTTP/1.1" 404 -
127.0.0.1 - airi14x [30/Mar/2020:10:26:03 -0400] "GET /manager/text/ HTTP/1.1" 200 41
127.0.0.1 - airi14x [30/Mar/2020:10:26:04 -0400] "GET /manager/text/list HTTP/1.1" 200 1257
127.0.0.1 - airi14x [30/Mar/2020:10:26:04 -0400] "GET /manager/text/list HTTP/1.1" 200 1257
127.0.0.1 - airi14x [30/Mar/2020:10:26:11 -0400] "GET /manager/text/deploy?config=file%3A%2Fvar%2Ffolders%2Fq9%2Fr0kqgvws6mxcw59hj8ll3z2w0000gn%2FT%2Fcontext6355276876027257143.xml&path=/A2-LoanService HTTP/1.1" 200 84
127.0.0.1 - airi14x [30/Mar/2020:10:26:11 -0400] "GET /manager/text/start?path=/A2-LoanService HTTP/1.1" 200 84
0:0:0:0:0:0:0:1 - - [30/Mar/2020:10:26:12 -0400] "GET /A2-LoanService HTTP/1.1" 302 -
0:0:0:0:0:0:0:1 - - [30/Mar/2020:10:26:12 -0400] "GET /A2-LoanService/ HTTP/1.1" 200 643
0:0:0:0:0:0:0:1 - - [30/Mar/2020:10:26:15 -0400] "GET /A2-LoanService/LoanServiceLibraryManagerImpl?wsdl HTTP/1.1" 200 6986
0:0:0:0:0:0:0:1 - - [30/Mar/2020:10:26:17 -0400] "GET /A2-LoanService/LoanServiceLoanManagerImpl1?wsdl HTTP/1.1" 200 7610
0:0:0:0:0:0:0:1 - - [30/Mar/2020:10:26:18 -0400] "GET /A2-LoanService/LoanServiceMemberManagerImpl?wsdl HTTP/1.1" 200 5994
127.0.0.1 - - [30/Mar/2020:10:26:26 -0400] "HEAD /netbeans-tomcat-status-test HTTP/1.1" 404 -
127.0.0.1 - airi14x [30/Mar/2020:10:26:26 -0400] "GET /manager/text/ HTTP/1.1" 200 41
127.0.0.1 - - [30/Mar/2020:10:26:26 -0400] "HEAD /netbeans-tomcat-status-test HTTP/1.1" 404 -
127.0.0.1 - airi14x [30/Mar/2020:10:26:26 -0400] "GET /manager/text/ HTTP/1.1" 200 41
127.0.0.1 - airi14x [30/Mar/2020:10:26:26 -0400] "GET /manager/text/list HTTP/1.1" 200 1359
127.0.0.1 - airi14x [30/Mar/2020:10:26:26 -0400] "GET /manager/text/undeploy?path=/A2-Client HTTP/1.1" 200 83
127.0.0.1 - - [30/Mar/2020:10:26:32 -0400] "HEAD /netbeans-tomcat-status-test HTTP/1.1" 404 -
127.0.0.1 - airi14x [30/Mar/2020:10:26:32 -0400] "GET /manager/text/ HTTP/1.1" 200 41
127.0.0.1 - - [30/Mar/2020:10:26:32 -0400] "HEAD /netbeans-tomcat-status-test HTTP/1.1" 404 -
127.0.0.1 - airi14x [30/Mar/2020:10:26:32 -0400] "GET /manager/text/ HTTP/1.1" 200 41
127.0.0.1 - - [30/Mar/2020:10:26:32 -0400] "HEAD /netbeans-tomcat-status-test HTTP/1.1" 404 -
127.0.0.1 - airi14x [30/Mar/2020:10:26:32 -0400] "GET /manager/text/ HTTP/1.1" 200 41
127.0.0.1 - airi14x [30/Mar/2020:10:26:32 -0400] "GET /manager/text/list HTTP/1.1" 200 1267
127.0.0.1 - airi14x [30/Mar/2020:10:26:42 -0400] "GET /manager/text/reload?path=/A2-LibraryService HTTP/1.1" 200 102
127.0.0.1 - - [30/Mar/2020:10:26:42 -0400] "HEAD /netbeans-tomcat-status-test HTTP/1.1" 404 -
127.0.0.1 - airi14x [30/Mar/2020:10:26:42 -0400] "GET /manager/text/ HTTP/1.1" 200 41
127.0.0.1 - - [30/Mar/2020:10:26:42 -0400] "HEAD /netbeans-tomcat-status-test HTTP/1.1" 404 -
127.0.0.1 - airi14x [30/Mar/2020:10:26:42 -0400] "GET /manager/text/ HTTP/1.1" 200 41
127.0.0.1 - - [30/Mar/2020:10:26:42 -0400] "HEAD /netbeans-tomcat-status-test HTTP/1.1" 404 -
127.0.0.1 - airi14x [30/Mar/2020:10:26:42 -0400] "GET /manager/text/ HTTP/1.1" 200 41
127.0.0.1 - airi14x [30/Mar/2020:10:26:42 -0400] "GET /manager/text/list HTTP/1.1" 200 1267
127.0.0.1 - airi14x [30/Mar/2020:10:26:51 -0400] "GET /manager/text/reload?path=/A2-LoanService HTTP/1.1" 200 99
127.0.0.1 - - [30/Mar/2020:10:26:51 -0400] "HEAD /netbeans-tomcat-status-test HTTP/1.1" 404 -
127.0.0.1 - airi14x [30/Mar/2020:10:26:51 -0400] "GET /manager/text/ HTTP/1.1" 200 41
127.0.0.1 - - [30/Mar/2020:10:26:51 -0400] "HEAD /netbeans-tomcat-status-test HTTP/1.1" 404 -
127.0.0.1 - airi14x [30/Mar/2020:10:26:51 -0400] "GET /manager/text/ HTTP/1.1" 200 41
127.0.0.1 - - [30/Mar/2020:10:26:51 -0400] "HEAD /netbeans-tomcat-status-test HTTP/1.1" 404 -
127.0.0.1 - airi14x [30/Mar/2020:10:26:51 -0400] "GET /manager/text/ HTTP/1.1" 200 41
127.0.0.1 - airi14x [30/Mar/2020:10:26:51 -0400] "GET /manager/text/list HTTP/1.1" 200 1267
127.0.0.1 - airi14x [30/Mar/2020:10:26:57 -0400] "GET /manager/text/reload?path=/A2-LibraryService HTTP/1.1" 200 102
127.0.0.1 - - [30/Mar/2020:10:26:57 -0400] "HEAD /netbeans-tomcat-status-test HTTP/1.1" 404 -
127.0.0.1 - airi14x [30/Mar/2020:10:26:57 -0400] "GET /manager/text/ HTTP/1.1" 200 41
127.0.0.1 - - [30/Mar/2020:10:26:57 -0400] "HEAD /netbeans-tomcat-status-test HTTP/1.1" 404 -
127.0.0.1 - airi14x [30/Mar/2020:10:26:57 -0400] "GET /manager/text/ HTTP/1.1" 200 41
127.0.0.1 - - [30/Mar/2020:10:26:57 -0400] "HEAD /netbeans-tomcat-status-test HTTP/1.1" 404 -
127.0.0.1 - airi14x [30/Mar/2020:10:26:57 -0400] "GET /manager/text/ HTTP/1.1" 200 41
127.0.0.1 - airi14x [30/Mar/2020:10:26:57 -0400] "GET /manager/text/list HTTP/1.1" 200 1267
127.0.0.1 - airi14x [30/Mar/2020:10:27:05 -0400] "GET /manager/text/reload?path=/A2-LoanService HTTP/1.1" 200 99
127.0.0.1 - - [30/Mar/2020:10:27:05 -0400] "HEAD /netbeans-tomcat-status-test HTTP/1.1" 404 -
127.0.0.1 - airi14x [30/Mar/2020:10:27:05 -0400] "GET /manager/text/ HTTP/1.1" 200 41
127.0.0.1 - - [30/Mar/2020:10:27:12 -0400] "HEAD /netbeans-tomcat-status-test HTTP/1.1" 404 -
127.0.0.1 - airi14x [30/Mar/2020:10:27:12 -0400] "GET /manager/text/ HTTP/1.1" 200 41
127.0.0.1 - - [30/Mar/2020:10:27:12 -0400] "HEAD /netbeans-tomcat-status-test HTTP/1.1" 404 -
127.0.0.1 - airi14x [30/Mar/2020:10:27:12 -0400] "GET /manager/text/ HTTP/1.1" 200 41
127.0.0.1 - - [30/Mar/2020:10:27:12 -0400] "HEAD /netbeans-tomcat-status-test HTTP/1.1" 404 -
127.0.0.1 - airi14x [30/Mar/2020:10:27:12 -0400] "GET /manager/text/ HTTP/1.1" 200 41
127.0.0.1 - - [30/Mar/2020:10:27:12 -0400] "HEAD /netbeans-tomcat-status-test HTTP/1.1" 404 -
127.0.0.1 - airi14x [30/Mar/2020:10:27:12 -0400] "GET /manager/text/ HTTP/1.1" 200 41
127.0.0.1 - airi14x [30/Mar/2020:10:27:13 -0400] "GET /manager/text/list HTTP/1.1" 200 1267
127.0.0.1 - airi14x [30/Mar/2020:10:27:13 -0400] "GET /manager/text/list HTTP/1.1" 200 1267
127.0.0.1 - airi14x [30/Mar/2020:10:27:17 -0400] "GET /manager/text/deploy?config=file%3A%2Fvar%2Ffolders%2Fq9%2Fr0kqgvws6mxcw59hj8ll3z2w0000gn%2FT%2Fcontext1061680499069384149.xml&path=/A2-Client HTTP/1.1" 200 79
127.0.0.1 - airi14x [30/Mar/2020:10:27:17 -0400] "GET /manager/text/start?path=/A2-Client HTTP/1.1" 200 79
0:0:0:0:0:0:0:1 - - [30/Mar/2020:10:27:18 -0400] "GET /A2-Client HTTP/1.1" 302 -
0:0:0:0:0:0:0:1 - - [30/Mar/2020:10:27:18 -0400] "GET /A2-Client/ HTTP/1.1" 200 758
0:0:0:0:0:0:0:1 - - [30/Mar/2020:10:27:25 -0400] "POST /A2-Client/Login HTTP/1.1" 200 402
0:0:0:0:0:0:0:1 - - [30/Mar/2020:10:27:27 -0400] "GET /A2-Client/Services?service=soap HTTP/1.1" 200 4167
127.0.0.1 - - [30/Mar/2020:10:27:30 -0400] "GET /A2-LoanService/LoanServiceMemberManagerImpl?wsdl HTTP/1.1" 200 5994
127.0.0.1 - - [30/Mar/2020:10:27:31 -0400] "POST /A2-LoanService/LoanServiceMemberManagerImpl HTTP/1.1" 200 301
0:0:0:0:0:0:0:1 - - [30/Mar/2020:10:27:31 -0400] "POST /A2-Client/MemberManagerController HTTP/1.1" 200 342
127.0.0.1 - - [30/Mar/2020:10:27:33 -0400] "GET /A2-LoanService/LoanServiceMemberManagerImpl?wsdl HTTP/1.1" 200 5994
127.0.0.1 - - [30/Mar/2020:10:27:33 -0400] "POST /A2-LoanService/LoanServiceMemberManagerImpl HTTP/1.1" 200 303
0:0:0:0:0:0:0:1 - - [30/Mar/2020:10:27:33 -0400] "GET /A2-Client/MemberManagerController?members=displayAll HTTP/1.1" 200 378
127.0.0.1 - - [30/Mar/2020:10:27:37 -0400] "GET /A2-LoanService/LoanServiceMemberManagerImpl?wsdl HTTP/1.1" 200 5994
127.0.0.1 - - [30/Mar/2020:10:27:37 -0400] "POST /A2-LoanService/LoanServiceMemberManagerImpl HTTP/1.1" 200 309
0:0:0:0:0:0:0:1 - - [30/Mar/2020:10:27:37 -0400] "POST /A2-Client/MemberManagerController HTTP/1.1" 200 339
127.0.0.1 - - [30/Mar/2020:10:27:39 -0400] "GET /A2-LoanService/LoanServiceMemberManagerImpl?wsdl HTTP/1.1" 200 5994
127.0.0.1 - - [30/Mar/2020:10:27:39 -0400] "POST /A2-LoanService/LoanServiceMemberManagerImpl HTTP/1.1" 200 305
0:0:0:0:0:0:0:1 - - [30/Mar/2020:10:27:39 -0400] "GET /A2-Client/MemberManagerController?members=displayAll HTTP/1.1" 200 380
127.0.0.1 - - [30/Mar/2020:10:27:41 -0400] "GET /A2-LoanService/LoanServiceMemberManagerImpl?wsdl HTTP/1.1" 200 5994
127.0.0.1 - - [30/Mar/2020:10:27:41 -0400] "POST /A2-LoanService/LoanServiceMemberManagerImpl HTTP/1.1" 200 307
0:0:0:0:0:0:0:1 - - [30/Mar/2020:10:27:41 -0400] "GET /A2-Client/MemberManagerController?viewMemberID=1&members=displayMember HTTP/1.1" 200 376
127.0.0.1 - - [30/Mar/2020:10:27:44 -0400] "GET /A2-LoanService/LoanServiceMemberManagerImpl?wsdl HTTP/1.1" 200 5994
127.0.0.1 - - [30/Mar/2020:10:27:44 -0400] "POST /A2-LoanService/LoanServiceMemberManagerImpl HTTP/1.1" 200 275
0:0:0:0:0:0:0:1 - - [30/Mar/2020:10:27:44 -0400] "GET /A2-Client/MemberManagerController?deleteMemberID=1&members=deleteMember HTTP/1.1" 200 346
127.0.0.1 - - [30/Mar/2020:10:27:46 -0400] "GET /A2-LoanService/LoanServiceMemberManagerImpl?wsdl HTTP/1.1" 200 5994
127.0.0.1 - - [30/Mar/2020:10:27:46 -0400] "POST /A2-LoanService/LoanServiceMemberManagerImpl HTTP/1.1" 200 276
0:0:0:0:0:0:0:1 - - [30/Mar/2020:10:27:46 -0400] "GET /A2-Client/MemberManagerController?viewMemberID=1&members=displayMember HTTP/1.1" 200 345
127.0.0.1 - - [30/Mar/2020:10:27:48 -0400] "GET /A2-LoanService/LoanServiceMemberManagerImpl?wsdl HTTP/1.1" 200 5994
127.0.0.1 - - [30/Mar/2020:10:27:48 -0400] "POST /A2-LoanService/LoanServiceMemberManagerImpl HTTP/1.1" 200 271
0:0:0:0:0:0:0:1 - - [30/Mar/2020:10:27:48 -0400] "GET /A2-Client/MemberManagerController?members=displayAll HTTP/1.1" 200 346
0:0:0:0:0:0:0:1 - - [30/Mar/2020:10:27:50 -0400] "GET /A2-Client/librarySystem.jsp HTTP/1.1" 200 2159
127.0.0.1 - - [30/Mar/2020:10:27:55 -0400] "GET /A2-LoanService/LoanServiceLibraryManagerImpl?wsdl HTTP/1.1" 200 6986
127.0.0.1 - - [30/Mar/2020:10:27:55 -0400] "POST /A2-LoanService/LoanServiceLibraryManagerImpl HTTP/1.1" 200 331
127.0.0.1 - - [30/Mar/2020:10:27:55 -0400] "GET /A2-LoanService/LoanServiceLibraryManagerImpl?wsdl HTTP/1.1" 200 6986
127.0.0.1 - - [30/Mar/2020:10:27:55 -0400] "POST /A2-LoanService/LoanServiceLibraryManagerImpl HTTP/1.1" 200 357
0:0:0:0:0:0:0:1 - - [30/Mar/2020:10:27:55 -0400] "POST /A2-Client/LibrarySystemController HTTP/1.1" 200 700
0:0:0:0:0:0:0:1 - - [30/Mar/2020:10:27:57 -0400] "GET /A2-Client/librarySystem.jsp HTTP/1.1" 200 2159
127.0.0.1 - - [30/Mar/2020:10:28:02 -0400] "GET /A2-LoanService/LoanServiceLibraryManagerImpl?wsdl HTTP/1.1" 200 6986
127.0.0.1 - - [30/Mar/2020:10:28:02 -0400] "POST /A2-LoanService/LoanServiceLibraryManagerImpl HTTP/1.1" 500 519
0:0:0:0:0:0:0:1 - - [30/Mar/2020:10:28:02 -0400] "POST /A2-Client/LibrarySystemController HTTP/1.1" 200 563
127.0.0.1 - - [30/Mar/2020:10:28:07 -0400] "GET /A2-LoanService/LoanServiceLibraryManagerImpl?wsdl HTTP/1.1" 200 6986
127.0.0.1 - - [30/Mar/2020:10:28:07 -0400] "POST /A2-LoanService/LoanServiceLibraryManagerImpl HTTP/1.1" 500 519
0:0:0:0:0:0:0:1 - - [30/Mar/2020:10:28:07 -0400] "POST /A2-Client/LibrarySystemController HTTP/1.1" 200 563
127.0.0.1 - - [30/Mar/2020:10:28:10 -0400] "GET /A2-LoanService/LoanServiceLibraryManagerImpl?wsdl HTTP/1.1" 200 6986
127.0.0.1 - - [30/Mar/2020:10:28:10 -0400] "POST /A2-LoanService/LoanServiceLibraryManagerImpl HTTP/1.1" 200 336
127.0.0.1 - - [30/Mar/2020:10:28:10 -0400] "GET /A2-LoanService/LoanServiceLibraryManagerImpl?wsdl HTTP/1.1" 200 6986
127.0.0.1 - - [30/Mar/2020:10:28:10 -0400] "POST /A2-LoanService/LoanServiceLibraryManagerImpl HTTP/1.1" 200 356
0:0:0:0:0:0:0:1 - - [30/Mar/2020:10:28:10 -0400] "POST /A2-Client/LibrarySystemController HTTP/1.1" 200 690
127.0.0.1 - - [30/Mar/2020:10:28:18 -0400] "GET /A2-LoanService/LoanServiceLibraryManagerImpl?wsdl HTTP/1.1" 200 6986
127.0.0.1 - - [30/Mar/2020:10:28:18 -0400] "POST /A2-LoanService/LoanServiceLibraryManagerImpl HTTP/1.1" 200 415
127.0.0.1 - - [30/Mar/2020:10:28:18 -0400] "GET /A2-LoanService/LoanServiceLibraryManagerImpl?wsdl HTTP/1.1" 200 6986
127.0.0.1 - - [30/Mar/2020:10:28:18 -0400] "POST /A2-LoanService/LoanServiceLibraryManagerImpl HTTP/1.1" 200 441
0:0:0:0:0:0:0:1 - - [30/Mar/2020:10:28:18 -0400] "POST /A2-Client/LibrarySystemController HTTP/1.1" 200 866
127.0.0.1 - - [30/Mar/2020:10:28:21 -0400] "GET /A2-LoanService/LoanServiceLibraryManagerImpl?wsdl HTTP/1.1" 200 6986
127.0.0.1 - - [30/Mar/2020:10:28:21 -0400] "POST /A2-LoanService/LoanServiceLibraryManagerImpl HTTP/1.1" 200 334
127.0.0.1 - - [30/Mar/2020:10:28:21 -0400] "GET /A2-LoanService/LoanServiceLibraryManagerImpl?wsdl HTTP/1.1" 200 6986
127.0.0.1 - - [30/Mar/2020:10:28:21 -0400] "POST /A2-LoanService/LoanServiceLibraryManagerImpl HTTP/1.1" 200 354
0:0:0:0:0:0:0:1 - - [30/Mar/2020:10:28:21 -0400] "GET /A2-Client/LibrarySystemController?deleteBookID=1&library=deleteBook HTTP/1.1" 200 694
0:0:0:0:0:0:0:1 - - [30/Mar/2020:10:28:22 -0400] "GET /favicon.ico HTTP/1.1" 404 635
127.0.0.1 - - [30/Mar/2020:10:28:25 -0400] "GET /A2-LoanService/LoanServiceLibraryManagerImpl?wsdl HTTP/1.1" 200 6986
127.0.0.1 - - [30/Mar/2020:10:28:25 -0400] "POST /A2-LoanService/LoanServiceLibraryManagerImpl HTTP/1.1" 200 262
0:0:0:0:0:0:0:1 - - [30/Mar/2020:10:28:25 -0400] "GET /A2-Client/LibrarySystemController?viewBookID=1&library=displayBook HTTP/1.1" 200 548
127.0.0.1 - - [30/Mar/2020:10:28:28 -0400] "GET /A2-LoanService/LoanServiceLibraryManagerImpl?wsdl HTTP/1.1" 200 6986
127.0.0.1 - - [30/Mar/2020:10:28:28 -0400] "POST /A2-LoanService/LoanServiceLibraryManagerImpl HTTP/1.1" 200 324
0:0:0:0:0:0:0:1 - - [30/Mar/2020:10:28:28 -0400] "GET /A2-Client/LibrarySystemController?viewBookID=2&library=displayBook HTTP/1.1" 200 610
0:0:0:0:0:0:0:1 - - [30/Mar/2020:10:28:28 -0400] "GET /favicon.ico HTTP/1.1" 404 635
0:0:0:0:0:0:0:1 - - [30/Mar/2020:10:28:29 -0400] "GET /A2-Client/loans_index.jsp HTTP/1.1" 200 4167
127.0.0.1 - - [30/Mar/2020:10:28:32 -0400] "GET /A2-LoanService/LoanServiceMemberManagerImpl?wsdl HTTP/1.1" 200 5994
127.0.0.1 - - [30/Mar/2020:10:28:32 -0400] "POST /A2-LoanService/LoanServiceMemberManagerImpl HTTP/1.1" 200 301
0:0:0:0:0:0:0:1 - - [30/Mar/2020:10:28:32 -0400] "POST /A2-Client/MemberManagerController HTTP/1.1" 200 342
127.0.0.1 - - [30/Mar/2020:10:28:34 -0400] "GET /A2-LoanService/LoanServiceMemberManagerImpl?wsdl HTTP/1.1" 200 5994
127.0.0.1 - - [30/Mar/2020:10:28:34 -0400] "POST /A2-LoanService/LoanServiceMemberManagerImpl HTTP/1.1" 200 303
0:0:0:0:0:0:0:1 - - [30/Mar/2020:10:28:34 -0400] "GET /A2-Client/MemberManagerController?members=displayAll HTTP/1.1" 200 378
127.0.0.1 - - [30/Mar/2020:10:28:41 -0400] "GET /A2-LoanService/LoanServiceLoanManagerImpl1?wsdl HTTP/1.1" 200 7610
127.0.0.1 - - [30/Mar/2020:10:28:41 -0400] "POST /A2-LoanService/LoanServiceLoanManagerImpl1 HTTP/1.1" 500 477
0:0:0:0:0:0:0:1 - - [30/Mar/2020:10:28:41 -0400] "POST /A2-Client/LoanManagerController HTTP/1.1" 200 505
127.0.0.1 - - [30/Mar/2020:10:28:44 -0400] "GET /A2-LoanService/LoanServiceLoanManagerImpl1?wsdl HTTP/1.1" 200 7610
127.0.0.1 - - [30/Mar/2020:10:28:44 -0400] "POST /A2-LoanService/LoanServiceLoanManagerImpl1 HTTP/1.1" 200 368
0:0:0:0:0:0:0:1 - - [30/Mar/2020:10:28:44 -0400] "POST /A2-Client/LoanManagerController HTTP/1.1" 200 578
127.0.0.1 - - [30/Mar/2020:10:28:49 -0400] "GET /A2-LoanService/LoanServiceLoanManagerImpl1?wsdl HTTP/1.1" 200 7610
127.0.0.1 - - [30/Mar/2020:10:28:49 -0400] "POST /A2-LoanService/LoanServiceLoanManagerImpl1 HTTP/1.1" 500 473
0:0:0:0:0:0:0:1 - - [30/Mar/2020:10:28:49 -0400] "POST /A2-Client/LoanManagerController HTTP/1.1" 200 498
127.0.0.1 - - [30/Mar/2020:10:28:52 -0400] "GET /A2-LoanService/LoanServiceLoanManagerImpl1?wsdl HTTP/1.1" 200 7610
127.0.0.1 - - [30/Mar/2020:10:28:52 -0400] "POST /A2-LoanService/LoanServiceLoanManagerImpl1 HTTP/1.1" 200 371
0:0:0:0:0:0:0:1 - - [30/Mar/2020:10:28:52 -0400] "POST /A2-Client/LoanManagerController HTTP/1.1" 200 578
127.0.0.1 - - [30/Mar/2020:10:28:56 -0400] "GET /A2-LoanService/LoanServiceLoanManagerImpl1?wsdl HTTP/1.1" 200 7610
127.0.0.1 - - [30/Mar/2020:10:28:56 -0400] "POST /A2-LoanService/LoanServiceLoanManagerImpl1 HTTP/1.1" 200 290
